// Jest Snapshot v1, https://goo.gl/fbAQLP

exports[`<Tag /> component should render the component in default state 1`] = `"<span class=\\"css-le0azu\\"><span>I am a child</span></span>"`;
