// Jest Snapshot v1, https://goo.gl/fbAQLP

exports[`test Developers should render the component for contributors with items 1`] = `
Object {
  "asFragment": [Function],
  "baseElement": .emotion-1 {
  margin: 0;
  font-family: -apple-system,BlinkMacSystemFont,"Helvetica Neue",Arial,sans-serif;
  font-weight: 400;
  font-size: 1rem;
  line-height: 1.75;
  font-weight: 700;
  margin-bottom: 10px;
}

.emotion-3 {
  display: -webkit-box;
  display: -webkit-flex;
  display: -ms-flexbox;
  display: flex;
  -webkit-box-flex-wrap: wrap;
  -webkit-flex-wrap: wrap;
  -ms-flex-wrap: wrap;
  flex-wrap: wrap;
  margin: 10px 0 10px 0;
}

.emotion-3>* {
  margin: 5px;
}

.emotion-4 {
  position: relative;
  display: -webkit-box;
  display: -webkit-flex;
  display: -ms-flexbox;
  display: flex;
  -webkit-align-items: center;
  -webkit-box-align: center;
  -ms-flex-align: center;
  align-items: center;
  -webkit-box-pack: center;
  -ms-flex-pack: center;
  -webkit-justify-content: center;
  justify-content: center;
  -webkit-flex-shrink: 0;
  -ms-flex-negative: 0;
  flex-shrink: 0;
  width: 40px;
  height: 40px;
  font-family: -apple-system,BlinkMacSystemFont,"Helvetica Neue",Arial,sans-serif;
  font-size: 1.25rem;
  line-height: 1;
  border-radius: 50%;
  overflow: hidden;
  -webkit-user-select: none;
  -moz-user-select: none;
  -ms-user-select: none;
  user-select: none;
  color: #fff;
  background-color: #bdbdbd;
}

.emotion-5 {
  -webkit-user-select: none;
  -moz-user-select: none;
  -ms-user-select: none;
  user-select: none;
  width: 1em;
  height: 1em;
  display: inline-block;
  fill: currentColor;
  -webkit-flex-shrink: 0;
  -ms-flex-negative: 0;
  flex-shrink: 0;
  -webkit-transition: fill 200ms cubic-bezier(0.4, 0, 0.2, 1) 0ms;
  transition: fill 200ms cubic-bezier(0.4, 0, 0.2, 1) 0ms;
  font-size: 1.5rem;
  width: 75%;
  height: 75%;
}

<body>
    <div>
      <span
        class="MuiTypography-root MuiTypography-subtitle1 emotion-0 emotion-1"
      >
        Contributors
      </span>
      <div
        class="emotion-2 MuiBox-root emotion-3"
      >
        <div
          aria-label="dmethvin"
          class="MuiAvatar-root MuiAvatar-circular MuiAvatar-colorDefault emotion-4"
          data-mui-internal-clone-element="true"
        >
          <svg
            aria-hidden="true"
            class="MuiSvgIcon-root MuiSvgIcon-fontSizeMedium MuiAvatar-fallback emotion-5"
            data-testid="PersonIcon"
            focusable="false"
            viewBox="0 0 24 24"
          >
            <path
              d="M12 12c2.21 0 4-1.79 4-4s-1.79-4-4-4-4 1.79-4 4 1.79 4 4 4zm0 2c-2.67 0-8 1.34-8 4v2h16v-2c0-2.66-5.33-4-8-4z"
            />
          </svg>
        </div>
        <div
          aria-label="mgol"
          class="MuiAvatar-root MuiAvatar-circular MuiAvatar-colorDefault emotion-4"
          data-mui-internal-clone-element="true"
        >
          <svg
            aria-hidden="true"
            class="MuiSvgIcon-root MuiSvgIcon-fontSizeMedium MuiAvatar-fallback emotion-5"
            data-testid="PersonIcon"
            focusable="false"
            viewBox="0 0 24 24"
          >
            <path
              d="M12 12c2.21 0 4-1.79 4-4s-1.79-4-4-4-4 1.79-4 4 1.79 4 4 4zm0 2c-2.67 0-8 1.34-8 4v2h16v-2c0-2.66-5.33-4-8-4z"
            />
          </svg>
        </div>
      </div>
    </div>
  </body>,
  "container": .emotion-1 {
  margin: 0;
  font-family: -apple-system,BlinkMacSystemFont,"Helvetica Neue",Arial,sans-serif;
  font-weight: 400;
  font-size: 1rem;
  line-height: 1.75;
  font-weight: 700;
  margin-bottom: 10px;
}

.emotion-3 {
  display: -webkit-box;
  display: -webkit-flex;
  display: -ms-flexbox;
  display: flex;
  -webkit-box-flex-wrap: wrap;
  -webkit-flex-wrap: wrap;
  -ms-flex-wrap: wrap;
  flex-wrap: wrap;
  margin: 10px 0 10px 0;
}

.emotion-3>* {
  margin: 5px;
}

.emotion-4 {
  position: relative;
  display: -webkit-box;
  display: -webkit-flex;
  display: -ms-flexbox;
  display: flex;
  -webkit-align-items: center;
  -webkit-box-align: center;
  -ms-flex-align: center;
  align-items: center;
  -webkit-box-pack: center;
  -ms-flex-pack: center;
  -webkit-justify-content: center;
  justify-content: center;
  -webkit-flex-shrink: 0;
  -ms-flex-negative: 0;
  flex-shrink: 0;
  width: 40px;
  height: 40px;
  font-family: -apple-system,BlinkMacSystemFont,"Helvetica Neue",Arial,sans-serif;
  font-size: 1.25rem;
  line-height: 1;
  border-radius: 50%;
  overflow: hidden;
  -webkit-user-select: none;
  -moz-user-select: none;
  -ms-user-select: none;
  user-select: none;
  color: #fff;
  background-color: #bdbdbd;
}

.emotion-5 {
  -webkit-user-select: none;
  -moz-user-select: none;
  -ms-user-select: none;
  user-select: none;
  width: 1em;
  height: 1em;
  display: inline-block;
  fill: currentColor;
  -webkit-flex-shrink: 0;
  -ms-flex-negative: 0;
  flex-shrink: 0;
  -webkit-transition: fill 200ms cubic-bezier(0.4, 0, 0.2, 1) 0ms;
  transition: fill 200ms cubic-bezier(0.4, 0, 0.2, 1) 0ms;
  font-size: 1.5rem;
  width: 75%;
  height: 75%;
}

<div>
    <span
      class="MuiTypography-root MuiTypography-subtitle1 emotion-0 emotion-1"
    >
      Contributors
    </span>
    <div
      class="emotion-2 MuiBox-root emotion-3"
    >
      <div
        aria-label="dmethvin"
        class="MuiAvatar-root MuiAvatar-circular MuiAvatar-colorDefault emotion-4"
        data-mui-internal-clone-element="true"
      >
        <svg
          aria-hidden="true"
          class="MuiSvgIcon-root MuiSvgIcon-fontSizeMedium MuiAvatar-fallback emotion-5"
          data-testid="PersonIcon"
          focusable="false"
          viewBox="0 0 24 24"
        >
          <path
            d="M12 12c2.21 0 4-1.79 4-4s-1.79-4-4-4-4 1.79-4 4 1.79 4 4 4zm0 2c-2.67 0-8 1.34-8 4v2h16v-2c0-2.66-5.33-4-8-4z"
          />
        </svg>
      </div>
      <div
        aria-label="mgol"
        class="MuiAvatar-root MuiAvatar-circular MuiAvatar-colorDefault emotion-4"
        data-mui-internal-clone-element="true"
      >
        <svg
          aria-hidden="true"
          class="MuiSvgIcon-root MuiSvgIcon-fontSizeMedium MuiAvatar-fallback emotion-5"
          data-testid="PersonIcon"
          focusable="false"
          viewBox="0 0 24 24"
        >
          <path
            d="M12 12c2.21 0 4-1.79 4-4s-1.79-4-4-4-4 1.79-4 4 1.79 4 4 4zm0 2c-2.67 0-8 1.34-8 4v2h16v-2c0-2.66-5.33-4-8-4z"
          />
        </svg>
      </div>
    </div>
  </div>,
  "debug": [Function],
  "findAllByAltText": [Function],
  "findAllByDisplayValue": [Function],
  "findAllByLabelText": [Function],
  "findAllByPlaceholderText": [Function],
  "findAllByRole": [Function],
  "findAllByTestId": [Function],
  "findAllByText": [Function],
  "findAllByTitle": [Function],
  "findByAltText": [Function],
  "findByDisplayValue": [Function],
  "findByLabelText": [Function],
  "findByPlaceholderText": [Function],
  "findByRole": [Function],
  "findByTestId": [Function],
  "findByText": [Function],
  "findByTitle": [Function],
  "getAllByAltText": [Function],
  "getAllByDisplayValue": [Function],
  "getAllByLabelText": [Function],
  "getAllByPlaceholderText": [Function],
  "getAllByRole": [Function],
  "getAllByTestId": [Function],
  "getAllByText": [Function],
  "getAllByTitle": [Function],
  "getByAltText": [Function],
  "getByDisplayValue": [Function],
  "getByLabelText": [Function],
  "getByPlaceholderText": [Function],
  "getByRole": [Function],
  "getByTestId": [Function],
  "getByText": [Function],
  "getByTitle": [Function],
  "queryAllByAltText": [Function],
  "queryAllByDisplayValue": [Function],
  "queryAllByLabelText": [Function],
  "queryAllByPlaceholderText": [Function],
  "queryAllByRole": [Function],
  "queryAllByTestId": [Function],
  "queryAllByText": [Function],
  "queryAllByTitle": [Function],
  "queryByAltText": [Function],
  "queryByDisplayValue": [Function],
  "queryByLabelText": [Function],
  "queryByPlaceholderText": [Function],
  "queryByRole": [Function],
  "queryByTestId": [Function],
  "queryByText": [Function],
  "queryByTitle": [Function],
  "rerender": [Function],
  "unmount": [Function],
}
`;

exports[`test Developers should render the component for maintainers with items 1`] = `
Object {
  "asFragment": [Function],
  "baseElement": .emotion-1 {
  margin: 0;
  font-family: -apple-system,BlinkMacSystemFont,"Helvetica Neue",Arial,sans-serif;
  font-weight: 400;
  font-size: 1rem;
  line-height: 1.75;
  font-weight: 700;
  margin-bottom: 10px;
}

.emotion-3 {
  display: -webkit-box;
  display: -webkit-flex;
  display: -ms-flexbox;
  display: flex;
  -webkit-box-flex-wrap: wrap;
  -webkit-flex-wrap: wrap;
  -ms-flex-wrap: wrap;
  flex-wrap: wrap;
  margin: 10px 0 10px 0;
}

.emotion-3>* {
  margin: 5px;
}

.emotion-4 {
  position: relative;
  display: -webkit-box;
  display: -webkit-flex;
  display: -ms-flexbox;
  display: flex;
  -webkit-align-items: center;
  -webkit-box-align: center;
  -ms-flex-align: center;
  align-items: center;
  -webkit-box-pack: center;
  -ms-flex-pack: center;
  -webkit-justify-content: center;
  justify-content: center;
  -webkit-flex-shrink: 0;
  -ms-flex-negative: 0;
  flex-shrink: 0;
  width: 40px;
  height: 40px;
  font-family: -apple-system,BlinkMacSystemFont,"Helvetica Neue",Arial,sans-serif;
  font-size: 1.25rem;
  line-height: 1;
  border-radius: 50%;
  overflow: hidden;
  -webkit-user-select: none;
  -moz-user-select: none;
  -ms-user-select: none;
  user-select: none;
  color: #fff;
  background-color: #bdbdbd;
}

.emotion-5 {
  -webkit-user-select: none;
  -moz-user-select: none;
  -ms-user-select: none;
  user-select: none;
  width: 1em;
  height: 1em;
  display: inline-block;
  fill: currentColor;
  -webkit-flex-shrink: 0;
  -ms-flex-negative: 0;
  flex-shrink: 0;
  -webkit-transition: fill 200ms cubic-bezier(0.4, 0, 0.2, 1) 0ms;
  transition: fill 200ms cubic-bezier(0.4, 0, 0.2, 1) 0ms;
  font-size: 1.5rem;
  width: 75%;
  height: 75%;
}

<body>
    <div>
      <span
        class="MuiTypography-root MuiTypography-subtitle1 emotion-0 emotion-1"
      >
        Maintainers
      </span>
      <div
        class="emotion-2 MuiBox-root emotion-3"
      >
        <div
          aria-label="dmethvin"
          class="MuiAvatar-root MuiAvatar-circular MuiAvatar-colorDefault emotion-4"
          data-mui-internal-clone-element="true"
        >
          <svg
            aria-hidden="true"
            class="MuiSvgIcon-root MuiSvgIcon-fontSizeMedium MuiAvatar-fallback emotion-5"
            data-testid="PersonIcon"
            focusable="false"
            viewBox="0 0 24 24"
          >
            <path
              d="M12 12c2.21 0 4-1.79 4-4s-1.79-4-4-4-4 1.79-4 4 1.79 4 4 4zm0 2c-2.67 0-8 1.34-8 4v2h16v-2c0-2.66-5.33-4-8-4z"
            />
          </svg>
        </div>
        <div
          aria-label="mgol"
          class="MuiAvatar-root MuiAvatar-circular MuiAvatar-colorDefault emotion-4"
          data-mui-internal-clone-element="true"
        >
          <svg
            aria-hidden="true"
            class="MuiSvgIcon-root MuiSvgIcon-fontSizeMedium MuiAvatar-fallback emotion-5"
            data-testid="PersonIcon"
            focusable="false"
            viewBox="0 0 24 24"
          >
            <path
              d="M12 12c2.21 0 4-1.79 4-4s-1.79-4-4-4-4 1.79-4 4 1.79 4 4 4zm0 2c-2.67 0-8 1.34-8 4v2h16v-2c0-2.66-5.33-4-8-4z"
            />
          </svg>
        </div>
      </div>
    </div>
  </body>,
  "container": .emotion-1 {
  margin: 0;
  font-family: -apple-system,BlinkMacSystemFont,"Helvetica Neue",Arial,sans-serif;
  font-weight: 400;
  font-size: 1rem;
  line-height: 1.75;
  font-weight: 700;
  margin-bottom: 10px;
}

.emotion-3 {
  display: -webkit-box;
  display: -webkit-flex;
  display: -ms-flexbox;
  display: flex;
  -webkit-box-flex-wrap: wrap;
  -webkit-flex-wrap: wrap;
  -ms-flex-wrap: wrap;
  flex-wrap: wrap;
  margin: 10px 0 10px 0;
}

.emotion-3>* {
  margin: 5px;
}

.emotion-4 {
  position: relative;
  display: -webkit-box;
  display: -webkit-flex;
  display: -ms-flexbox;
  display: flex;
  -webkit-align-items: center;
  -webkit-box-align: center;
  -ms-flex-align: center;
  align-items: center;
  -webkit-box-pack: center;
  -ms-flex-pack: center;
  -webkit-justify-content: center;
  justify-content: center;
  -webkit-flex-shrink: 0;
  -ms-flex-negative: 0;
  flex-shrink: 0;
  width: 40px;
  height: 40px;
  font-family: -apple-system,BlinkMacSystemFont,"Helvetica Neue",Arial,sans-serif;
  font-size: 1.25rem;
  line-height: 1;
  border-radius: 50%;
  overflow: hidden;
  -webkit-user-select: none;
  -moz-user-select: none;
  -ms-user-select: none;
  user-select: none;
  color: #fff;
  background-color: #bdbdbd;
}

.emotion-5 {
  -webkit-user-select: none;
  -moz-user-select: none;
  -ms-user-select: none;
  user-select: none;
  width: 1em;
  height: 1em;
  display: inline-block;
  fill: currentColor;
  -webkit-flex-shrink: 0;
  -ms-flex-negative: 0;
  flex-shrink: 0;
  -webkit-transition: fill 200ms cubic-bezier(0.4, 0, 0.2, 1) 0ms;
  transition: fill 200ms cubic-bezier(0.4, 0, 0.2, 1) 0ms;
  font-size: 1.5rem;
  width: 75%;
  height: 75%;
}

<div>
    <span
      class="MuiTypography-root MuiTypography-subtitle1 emotion-0 emotion-1"
    >
      Maintainers
    </span>
    <div
      class="emotion-2 MuiBox-root emotion-3"
    >
      <div
        aria-label="dmethvin"
        class="MuiAvatar-root MuiAvatar-circular MuiAvatar-colorDefault emotion-4"
        data-mui-internal-clone-element="true"
      >
        <svg
          aria-hidden="true"
          class="MuiSvgIcon-root MuiSvgIcon-fontSizeMedium MuiAvatar-fallback emotion-5"
          data-testid="PersonIcon"
          focusable="false"
          viewBox="0 0 24 24"
        >
          <path
            d="M12 12c2.21 0 4-1.79 4-4s-1.79-4-4-4-4 1.79-4 4 1.79 4 4 4zm0 2c-2.67 0-8 1.34-8 4v2h16v-2c0-2.66-5.33-4-8-4z"
          />
        </svg>
      </div>
      <div
        aria-label="mgol"
        class="MuiAvatar-root MuiAvatar-circular MuiAvatar-colorDefault emotion-4"
        data-mui-internal-clone-element="true"
      >
        <svg
          aria-hidden="true"
          class="MuiSvgIcon-root MuiSvgIcon-fontSizeMedium MuiAvatar-fallback emotion-5"
          data-testid="PersonIcon"
          focusable="false"
          viewBox="0 0 24 24"
        >
          <path
            d="M12 12c2.21 0 4-1.79 4-4s-1.79-4-4-4-4 1.79-4 4 1.79 4 4 4zm0 2c-2.67 0-8 1.34-8 4v2h16v-2c0-2.66-5.33-4-8-4z"
          />
        </svg>
      </div>
    </div>
  </div>,
  "debug": [Function],
  "findAllByAltText": [Function],
  "findAllByDisplayValue": [Function],
  "findAllByLabelText": [Function],
  "findAllByPlaceholderText": [Function],
  "findAllByRole": [Function],
  "findAllByTestId": [Function],
  "findAllByText": [Function],
  "findAllByTitle": [Function],
  "findByAltText": [Function],
  "findByDisplayValue": [Function],
  "findByLabelText": [Function],
  "findByPlaceholderText": [Function],
  "findByRole": [Function],
  "findByTestId": [Function],
  "findByText": [Function],
  "findByTitle": [Function],
  "getAllByAltText": [Function],
  "getAllByDisplayValue": [Function],
  "getAllByLabelText": [Function],
  "getAllByPlaceholderText": [Function],
  "getAllByRole": [Function],
  "getAllByTestId": [Function],
  "getAllByText": [Function],
  "getAllByTitle": [Function],
  "getByAltText": [Function],
  "getByDisplayValue": [Function],
  "getByLabelText": [Function],
  "getByPlaceholderText": [Function],
  "getByRole": [Function],
  "getByTestId": [Function],
  "getByText": [Function],
  "getByTitle": [Function],
  "queryAllByAltText": [Function],
  "queryAllByDisplayValue": [Function],
  "queryAllByLabelText": [Function],
  "queryAllByPlaceholderText": [Function],
  "queryAllByRole": [Function],
  "queryAllByTestId": [Function],
  "queryAllByText": [Function],
  "queryAllByTitle": [Function],
  "queryByAltText": [Function],
  "queryByDisplayValue": [Function],
  "queryByLabelText": [Function],
  "queryByPlaceholderText": [Function],
  "queryByRole": [Function],
  "queryByTestId": [Function],
  "queryByText": [Function],
  "queryByTitle": [Function],
  "rerender": [Function],
  "unmount": [Function],
}
`;

exports[`test Developers should render the component with no items 1`] = `
Object {
  "asFragment": [Function],
  "baseElement": <body>
    <div />
  </body>,
  "container": <div />,
  "debug": [Function],
  "findAllByAltText": [Function],
  "findAllByDisplayValue": [Function],
  "findAllByLabelText": [Function],
  "findAllByPlaceholderText": [Function],
  "findAllByRole": [Function],
  "findAllByTestId": [Function],
  "findAllByText": [Function],
  "findAllByTitle": [Function],
  "findByAltText": [Function],
  "findByDisplayValue": [Function],
  "findByLabelText": [Function],
  "findByPlaceholderText": [Function],
  "findByRole": [Function],
  "findByTestId": [Function],
  "findByText": [Function],
  "findByTitle": [Function],
  "getAllByAltText": [Function],
  "getAllByDisplayValue": [Function],
  "getAllByLabelText": [Function],
  "getAllByPlaceholderText": [Function],
  "getAllByRole": [Function],
  "getAllByTestId": [Function],
  "getAllByText": [Function],
  "getAllByTitle": [Function],
  "getByAltText": [Function],
  "getByDisplayValue": [Function],
  "getByLabelText": [Function],
  "getByPlaceholderText": [Function],
  "getByRole": [Function],
  "getByTestId": [Function],
  "getByText": [Function],
  "getByTitle": [Function],
  "queryAllByAltText": [Function],
  "queryAllByDisplayValue": [Function],
  "queryAllByLabelText": [Function],
  "queryAllByPlaceholderText": [Function],
  "queryAllByRole": [Function],
  "queryAllByTestId": [Function],
  "queryAllByText": [Function],
  "queryAllByTitle": [Function],
  "queryByAltText": [Function],
  "queryByDisplayValue": [Function],
  "queryByLabelText": [Function],
  "queryByPlaceholderText": [Function],
  "queryByRole": [Function],
  "queryByTestId": [Function],
  "queryByText": [Function],
  "queryByTitle": [Function],
  "rerender": [Function],
  "unmount": [Function],
}
`;
