// Jest Snapshot v1, https://goo.gl/fbAQLP

exports[`DetailContainer renders correctly 1`] = `
.emotion-0 {
  display: -webkit-box;
  display: -webkit-flex;
  display: -ms-flexbox;
  display: flex;
  -webkit-flex-direction: column;
  -ms-flex-direction: column;
  flex-direction: column;
  padding: 16px;
}

.emotion-2 {
  overflow: hidden;
  min-height: 48px;
  -webkit-overflow-scrolling: touch;
  display: -webkit-box;
  display: -webkit-flex;
  display: -ms-flexbox;
  display: flex;
  margin-bottom: 16px;
}

@media (max-width:599.95px) {
  .emotion-2 .MuiTabs-scrollButtons {
    display: none;
  }
}

.emotion-3 {
  position: relative;
  display: inline-block;
  -webkit-flex: 1 1 auto;
  -ms-flex: 1 1 auto;
  flex: 1 1 auto;
  white-space: nowrap;
  overflow-x: hidden;
  width: 100%;
}

.emotion-4 {
  display: -webkit-box;
  display: -webkit-flex;
  display: -ms-flexbox;
  display: flex;
}

.emotion-5 {
  display: -webkit-inline-box;
  display: -webkit-inline-flex;
  display: -ms-inline-flexbox;
  display: inline-flex;
  -webkit-align-items: center;
  -webkit-box-align: center;
  -ms-flex-align: center;
  align-items: center;
  -webkit-box-pack: center;
  -ms-flex-pack: center;
  -webkit-justify-content: center;
  justify-content: center;
  position: relative;
  box-sizing: border-box;
  -webkit-tap-highlight-color: transparent;
  background-color: transparent;
  outline: 0;
  border: 0;
  margin: 0;
  border-radius: 0;
  padding: 0;
  cursor: pointer;
  -webkit-user-select: none;
  -moz-user-select: none;
  -ms-user-select: none;
  user-select: none;
  vertical-align: middle;
  -moz-appearance: none;
  -webkit-appearance: none;
  -webkit-text-decoration: none;
  text-decoration: none;
  color: inherit;
  font-family: -apple-system,BlinkMacSystemFont,"Helvetica Neue",Arial,sans-serif;
  font-weight: 500;
  font-size: 0.875rem;
  line-height: 1.25;
  text-transform: uppercase;
  max-width: none;
  min-width: 90px;
  position: relative;
  min-height: 48px;
  -webkit-flex-shrink: 1;
  -ms-flex-negative: 1;
  flex-shrink: 1;
  padding: 12px 16px;
  overflow: hidden;
  white-space: normal;
  text-align: center;
  -webkit-flex-direction: column;
  -ms-flex-direction: column;
  flex-direction: column;
  color: rgba(0, 0, 0, 0.6);
  -webkit-box-flex: 1;
  -webkit-flex-grow: 1;
  -ms-flex-positive: 1;
  flex-grow: 1;
  -webkit-flex-basis: 0;
  -ms-flex-preferred-size: 0;
  flex-basis: 0;
}

.emotion-5::-moz-focus-inner {
  border-style: none;
}

.emotion-5.Mui-disabled {
  pointer-events: none;
  cursor: default;
}

@media print {
  .emotion-5 {
    -webkit-print-color-adjust: exact;
    color-adjust: exact;
  }
}

.emotion-5.Mui-selected {
  color: #4b5e40;
}

.emotion-5.Mui-disabled {
  color: rgba(0, 0, 0, 0.38);
}

.emotion-6 {
  overflow: hidden;
  pointer-events: none;
  position: absolute;
  z-index: 0;
  top: 0;
  right: 0;
  bottom: 0;
  left: 0;
  border-radius: inherit;
}

.emotion-13 {
  position: absolute;
  height: 2px;
  bottom: 0;
  width: 100%;
  -webkit-transition: all 300ms cubic-bezier(0.4, 0, 0.2, 1) 0ms;
  transition: all 300ms cubic-bezier(0.4, 0, 0.2, 1) 0ms;
  background-color: #4b5e40;
}

<div
  class="MuiBox-root emotion-0"
>
  <div
    class="MuiTabs-root emotion-1 emotion-2"
    color="primary"
  >
    <div
      class="MuiTabs-scroller MuiTabs-fixed emotion-3"
      style="overflow: hidden; margin-bottom: 0px;"
    >
      <div
        class="MuiTabs-flexContainer emotion-4"
        role="tablist"
      >
        <button
          aria-selected="true"
          class="MuiButtonBase-root MuiTab-root MuiTab-textColorPrimary MuiTab-fullWidth Mui-selected emotion-5"
          data-testid="readme-tab"
          id="readme-tab"
          role="tab"
          tabindex="0"
          type="button"
        >
          Readme
          <span
            class="MuiTouchRipple-root emotion-6"
          />
        </button>
        <button
          aria-selected="false"
          class="MuiButtonBase-root MuiTab-root MuiTab-textColorPrimary MuiTab-fullWidth emotion-5"
          data-testid="dependencies-tab"
          id="dependencies-tab"
          role="tab"
          tabindex="-1"
          type="button"
        >
          Dependencies
          <span
            class="MuiTouchRipple-root emotion-6"
          />
        </button>
        <button
          aria-selected="false"
          class="MuiButtonBase-root MuiTab-root MuiTab-textColorPrimary MuiTab-fullWidth emotion-5"
          data-testid="versions-tab"
          id="versions-tab"
          role="tab"
          tabindex="-1"
          type="button"
        >
          Versions
          <span
            class="MuiTouchRipple-root emotion-6"
          />
        </button>
        <button
          aria-selected="false"
          class="MuiButtonBase-root MuiTab-root MuiTab-textColorPrimary MuiTab-fullWidth emotion-5"
          data-testid="uplinks-tab"
          id="uplinks-tab"
          role="tab"
          tabindex="-1"
          type="button"
        >
          Uplinks
          <span
            class="MuiTouchRipple-root emotion-6"
          />
        </button>
      </div>
      <span
        class="MuiTabs-indicator emotion-13"
        style="left: 0px; width: 0px;"
      />
    </div>
  </div>
</div>
`;
