// Jest Snapshot v1, https://goo.gl/fbAQLP

exports[`<LoginDialog /> component should render the component in default state 1`] = `null`;
