// Jest Snapshot v1, https://goo.gl/fbAQLP

exports[`<Footer /> component should load the initial state of Footer component 1`] = `
.emotion-41 {
  background: #f9f9f9;
  border-top: 1px solid #e3e3e3;
  color: #999999;
  font-size: 14px;
  padding: 20px;
}

.emotion-39 {
  display: -webkit-box;
  display: -webkit-flex;
  display: -ms-flexbox;
  display: flex;
  -webkit-align-items: center;
  -webkit-box-align: center;
  -ms-flex-align: center;
  align-items: center;
  -webkit-box-pack: end;
  -webkit-justify-content: flex-end;
  -ms-flex-pack: end;
  justify-content: flex-end;
  width: 100%;
}

@media (min-width:768px) {
  .emotion-39 {
    min-width: 400px;
    max-width: 800px;
    margin: auto;
    -webkit-box-pack: justify;
    -webkit-justify-content: space-between;
    -ms-flex-pack: justify;
    justify-content: space-between;
  }
}

@media (min-width:1024px) {
  .emotion-39 {
    max-width: 1240px;
  }
}

.emotion-30 {
  -webkit-align-items: center;
  -webkit-box-align: center;
  -ms-flex-align: center;
  align-items: center;
  display: none;
}

@media (min-width:768px) {
  .emotion-30 {
    display: -webkit-box;
    display: -webkit-flex;
    display: -ms-flexbox;
    display: flex;
  }
}

.emotion-0 {
  color: #e25555;
  padding: 0 5px;
}

.emotion-28 {
  position: relative;
  height: 18px;
}

.emotion-28:hover .emotion-27 {
  visibility: visible;
}

.emotion-3 {
  box-sizing: initial;
  display: inline-block;
  cursor: default;
  width: 18px;
  height: 18px;
  padding: 0 10px;
}

.emotion-26 {
  position: absolute;
  background: #d3dddd;
  padding: 1px 4px;
  border-radius: 3px;
  height: 20px;
  display: -webkit-inline-box;
  display: -webkit-inline-flex;
  display: -ms-inline-flexbox;
  display: inline-flex;
  -webkit-align-items: center;
  -webkit-box-align: center;
  -ms-flex-align: center;
  align-items: center;
  visibility: hidden;
  top: -2px;
}

.emotion-26:before {
  content: '';
  position: absolute;
  top: 29%;
  left: -4px;
  margin-left: -5px;
  border: 5px solid;
  border-color: #d3dddd transparent transparent transparent;
  -webkit-transform: rotate(90deg);
  -ms-transform: rotate(90deg);
  transform: rotate(90deg);
}

.emotion-6 {
  box-sizing: initial;
  display: inline-block;
  cursor: default;
  width: 18px;
  height: 18px;
  padding: 0 5px;
}

.emotion-37 {
  -webkit-align-items: center;
  -webkit-box-align: center;
  -ms-flex-align: center;
  align-items: center;
  display: none;
  display: -webkit-box;
  display: -webkit-flex;
  display: -ms-flexbox;
  display: flex;
}

@media (min-width:768px) {
  .emotion-37 {
    display: -webkit-box;
    display: -webkit-flex;
    display: -ms-flexbox;
    display: flex;
  }
}

.emotion-35 {
  box-sizing: initial;
  display: inline-block;
  cursor: pointer;
  width: 18px;
  height: 18px;
  padding: 0 5px;
}

.emotion-32 {
  width: 100%;
  height: auto;
}

<div
  class="emotion-41 emotion-42"
>
  <div
    class="emotion-39 emotion-40"
  >
    <div
      class="emotion-30 emotion-31"
    >
      Made with 
      <span
        class="emotion-0 emotion-1"
      >
        â™¥
      </span>
       on
      <span
        class="emotion-28 emotion-29"
      >
        <svg
          class="emotion-2 emotion-3 emotion-4"
        >
          <title>
            Earth
          </title>
          <use
            xlink:href="[object Object]#earth"
          />
        </svg>
        <span
          class="emotion-26 emotion-27"
        >
          <svg
            class="emotion-5 emotion-6 emotion-4"
          >
            <title>
              Spain
            </title>
            <use
              xlink:href="[object Object]#spain"
            />
          </svg>
          <svg
            class="emotion-5 emotion-6 emotion-4"
          >
            <title>
              Nicaragua
            </title>
            <use
              xlink:href="[object Object]#nicaragua"
            />
          </svg>
          <svg
            class="emotion-5 emotion-6 emotion-4"
          >
            <title>
              India
            </title>
            <use
              xlink:href="[object Object]#india"
            />
          </svg>
          <svg
            class="emotion-5 emotion-6 emotion-4"
          >
            <title>
              Brazil
            </title>
            <use
              xlink:href="[object Object]#brazil"
            />
          </svg>
          <svg
            class="emotion-5 emotion-6 emotion-4"
          >
            <title>
              China
            </title>
            <use
              xlink:href="[object Object]#china"
            />
          </svg>
          <svg
            class="emotion-5 emotion-6 emotion-4"
          >
            <title>
              Austria
            </title>
            <use
              xlink:href="[object Object]#austria"
            />
          </svg>
          <svg
            class="emotion-5 emotion-6 emotion-4"
          >
            <title>
              Germany
            </title>
            <use
              xlink:href="[object Object]#germany"
            />
          </svg>
        </span>
      </span>
    </div>
    <div
      class="emotion-37 emotion-38"
    >
      Powered by
      <span
        class="emotion-5 emotion-35 emotion-36"
        title="Verdaccio"
      >
        <img
          alt="Verdaccio"
          class="emotion-32 emotion-33"
          src="[object Object]"
        />
      </span>
      / v.1.0.0
    </div>
  </div>
</div>
`;
