// Jest Snapshot v1, https://goo.gl/fbAQLP

exports[`<Loading /> component should render the component in default state 1`] = `
@keyframes animation-0 {
  0% {
    -webkit-transform: rotate(0deg);
    -moz-transform: rotate(0deg);
    -ms-transform: rotate(0deg);
    transform: rotate(0deg);
  }

  100% {
    -webkit-transform: rotate(360deg);
    -moz-transform: rotate(360deg);
    -ms-transform: rotate(360deg);
    transform: rotate(360deg);
  }
}

@keyframes animation-1 {
  0% {
    stroke-dasharray: 1px,200px;
    stroke-dashoffset: 0;
  }

  50% {
    stroke-dasharray: 100px,200px;
    stroke-dashoffset: -15px;
  }

  100% {
    stroke-dasharray: 100px,200px;
    stroke-dashoffset: -125px;
  }
}

.emotion-0 {
  -webkit-transform: translate(-50%, -50%);
  -moz-transform: translate(-50%, -50%);
  -ms-transform: translate(-50%, -50%);
  transform: translate(-50%, -50%);
  top: 50%;
  left: 50%;
  position: absolute;
}

.emotion-2 {
  margin: 0 0 30px 0;
  border-radius: 25px;
  box-shadow: 0 10px 20px 0 rgba(69, 58, 100, 0.2);
  background: #f7f8f6;
}

.emotion-4 {
  display: inline-block;
  vertical-align: middle;
  box-sizing: border-box;
  -webkit-background-position: center;
  background-position: center;
  -webkit-background-size: contain;
  background-size: contain;
  background-image: url([object Object]);
  background-repeat: no-repeat;
  width: 90px;
  height: 90px;
}

.emotion-6 {
  display: -webkit-box;
  display: -webkit-flex;
  display: -ms-flexbox;
  display: flex;
  -webkit-align-items: center;
  -webkit-box-align: center;
  -ms-flex-align: center;
  align-items: center;
  -webkit-box-pack: center;
  -ms-flex-pack: center;
  -webkit-justify-content: center;
  justify-content: center;
}

.emotion-9 {
  display: inline-block;
  color: #4b5e40;
  -webkit-animation: animation-0 1.4s linear infinite;
  animation: animation-0 1.4s linear infinite;
  color: #4b5e40;
}

.emotion-10 {
  display: block;
}

.emotion-11 {
  stroke: currentColor;
  stroke-dasharray: 80px,200px;
  stroke-dashoffset: 0;
  -webkit-animation: animation-1 1.4s ease-in-out infinite;
  animation: animation-1 1.4s ease-in-out infinite;
}

<div
  class="emotion-0 emotion-1"
  data-testid="loading"
>
  <div
    class="emotion-2 emotion-3"
  >
    <div
      class="emotion-4 emotion-5"
    />
  </div>
  <div
    class="emotion-6 emotion-7"
  >
    <span
      class="MuiCircularProgress-root MuiCircularProgress-indeterminate MuiCircularProgress-colorPrimary emotion-8 emotion-9"
      role="progressbar"
      style="width: 50px; height: 50px;"
    >
      <svg
        class="MuiCircularProgress-svg emotion-10"
        viewBox="22 22 44 44"
      >
        <circle
          class="MuiCircularProgress-circle MuiCircularProgress-circleIndeterminate emotion-11"
          cx="44"
          cy="44"
          fill="none"
          r="20.2"
          stroke-width="3.6"
        />
      </svg>
    </span>
  </div>
</div>
`;
