// Jest Snapshot v1, https://goo.gl/fbAQLP

exports[`<LoginModal /> should load the component in default state 1`] = `"<div role=\\"dialog\\" class=\\"mui-fixed MuiModal-root-15 MuiDialog-root-1\\" id=\\"login--form-container\\" style=\\"padding-right: 0px;\\"><div class=\\"MuiBackdrop-root-17\\" aria-hidden=\\"true\\" style=\\"opacity: 1; webkit-transition: opacity 225ms cubic-bezier(0.4, 0, 0.2, 1) 0ms; transition: opacity 225ms cubic-bezier(0.4, 0, 0.2, 1) 0ms;\\"></div><div class=\\"MuiDialog-container-4 MuiDialog-scrollPaper-2\\" role=\\"document\\" style=\\"opacity: 1; webkit-transition: opacity 225ms cubic-bezier(0.4, 0, 0.2, 1) 0ms; transition: opacity 225ms cubic-bezier(0.4, 0, 0.2, 1) 0ms;\\" tabindex=\\"-1\\"><div class=\\"MuiPaper-root-19 MuiPaper-elevation24-45 MuiPaper-rounded-20 MuiDialog-paper-5 MuiDialog-paperScrollPaper-6 MuiDialog-paperWidthXs-8 MuiDialog-paperFullWidth-13\\"><form novalidate=\\"\\"><div class=\\"MuiDialogTitle-root-46\\"><h2 class=\\"MuiTypography-root-47 MuiTypography-title-53\\">Login</h2></div><div class=\\"MuiDialogContent-root-83\\"><div class=\\"MuiFormControl-root-84 MuiFormControl-fullWidth-87\\"><label class=\\"MuiFormLabel-root-99 MuiFormLabel-required-104 MuiInputLabel-required-92 MuiInputLabel-root-88 MuiInputLabel-formControl-93 MuiInputLabel-animated-96\\" data-shrink=\\"false\\" for=\\"username\\">Username<span class=\\"MuiFormLabel-asterisk-105\\"> *</span></label><div class=\\"MuiInputBase-root-119 MuiInput-root-106 MuiInput-underline-110 MuiInputBase-formControl-120 MuiInput-formControl-107\\"><input aria-invalid=\\"false\\" class=\\"MuiInputBase-input-129 MuiInput-input-114\\" id=\\"login--form-username\\" placeholder=\\"Your username\\" required=\\"\\" type=\\"text\\" value=\\"\\"></div></div><div class=\\"MuiFormControl-root-84 MuiFormControl-fullWidth-87\\" style=\\"margin-top: 8px;\\"><label class=\\"MuiFormLabel-root-99 MuiFormLabel-required-104 MuiInputLabel-required-92 MuiInputLabel-root-88 MuiInputLabel-formControl-93 MuiInputLabel-animated-96\\" data-shrink=\\"false\\" for=\\"password\\">Password<span class=\\"MuiFormLabel-asterisk-105\\"> *</span></label><div class=\\"MuiInputBase-root-119 MuiInput-root-106 MuiInput-underline-110 MuiInputBase-formControl-120 MuiInput-formControl-107\\"><input aria-invalid=\\"false\\" class=\\"MuiInputBase-input-129 MuiInput-input-114 MuiInputBase-inputType-132 MuiInput-inputType-117\\" id=\\"login--form-password\\" placeholder=\\"Your strong password\\" required=\\"\\" type=\\"password\\" value=\\"\\"></div></div></div><div class=\\"MuiDialogActions-root-136 dialog-footer\\"><button class=\\"MuiButtonBase-root-164 MuiButton-root-138 MuiButton-text-140 MuiButton-flat-143 MuiButton-colorInherit-159 MuiDialogActions-action-137\\" tabindex=\\"0\\" type=\\"button\\" id=\\"login--form-cancel\\"><span class=\\"MuiButton-label-139\\">Cancel</span><span class=\\"MuiTouchRipple-root-167\\"></span></button><button class=\\"MuiButtonBase-root-164 MuiButtonBase-disabled-165 MuiButton-root-138 MuiButton-text-140 MuiButton-flat-143 MuiButton-disabled-158 MuiButton-colorInherit-159 MuiDialogActions-action-137\\" tabindex=\\"-1\\" type=\\"submit\\" disabled=\\"\\" id=\\"login--form-submit\\"><span class=\\"MuiButton-label-139\\">Login</span></button></div></form></div></div></div>"`;

exports[`<LoginModal /> should load the component with props 1`] = `"<div role=\\"dialog\\" class=\\"mui-fixed MuiModal-root-15 MuiDialog-root-1\\" id=\\"login--form-container\\"><div class=\\"MuiBackdrop-root-17\\" aria-hidden=\\"true\\" style=\\"opacity: 1; webkit-transition: opacity 225ms cubic-bezier(0.4, 0, 0.2, 1) 0ms; transition: opacity 225ms cubic-bezier(0.4, 0, 0.2, 1) 0ms;\\"></div><div class=\\"MuiDialog-container-4 MuiDialog-scrollPaper-2\\" role=\\"document\\" style=\\"opacity: 1; webkit-transition: opacity 225ms cubic-bezier(0.4, 0, 0.2, 1) 0ms; transition: opacity 225ms cubic-bezier(0.4, 0, 0.2, 1) 0ms;\\" tabindex=\\"-1\\"><div class=\\"MuiPaper-root-19 MuiPaper-elevation24-45 MuiPaper-rounded-20 MuiDialog-paper-5 MuiDialog-paperScrollPaper-6 MuiDialog-paperWidthXs-8 MuiDialog-paperFullWidth-13\\"><form novalidate=\\"\\"><div class=\\"MuiDialogTitle-root-46\\"><h2 class=\\"MuiTypography-root-47 MuiTypography-title-53\\">Login</h2></div><div class=\\"MuiDialogContent-root-83\\"><div class=\\"MuiTypography-root-47 MuiTypography-body1-56 MuiPaper-root-19 MuiPaper-elevation6-27 MuiSnackbarContent-root-174 loginError\\" role=\\"alertdialog\\"><div class=\\"MuiSnackbarContent-message-175\\"><div class=\\"loginErrorMsg\\" id=\\"client-snackbar\\"><svg class=\\"MuiSvgIcon-root-177 loginIcon\\" focusable=\\"false\\" viewBox=\\"0 0 24 24\\" aria-hidden=\\"true\\" role=\\"presentation\\"><path fill=\\"none\\" d=\\"M0 0h24v24H0z\\"></path><path d=\\"M12 2C6.48 2 2 6.48 2 12s4.48 10 10 10 10-4.48 10-10S17.52 2 12 2zm1 15h-2v-2h2v2zm0-4h-2V7h2v6z\\"></path></svg><span><div><strong>Error Title</strong></div><div>Error Description</div></span></div></div></div><div class=\\"MuiFormControl-root-84 MuiFormControl-fullWidth-87\\"><label class=\\"MuiFormLabel-root-99 MuiFormLabel-required-104 MuiInputLabel-required-92 MuiInputLabel-root-88 MuiInputLabel-formControl-93 MuiInputLabel-animated-96\\" data-shrink=\\"false\\" for=\\"username\\">Username<span class=\\"MuiFormLabel-asterisk-105\\"> *</span></label><div class=\\"MuiInputBase-root-119 MuiInput-root-106 MuiInput-underline-110 MuiInputBase-formControl-120 MuiInput-formControl-107\\"><input aria-invalid=\\"false\\" class=\\"MuiInputBase-input-129 MuiInput-input-114\\" id=\\"login--form-username\\" placeholder=\\"Your username\\" required=\\"\\" type=\\"text\\" value=\\"\\"></div></div><div class=\\"MuiFormControl-root-84 MuiFormControl-fullWidth-87\\" style=\\"margin-top: 8px;\\"><label class=\\"MuiFormLabel-root-99 MuiFormLabel-required-104 MuiInputLabel-required-92 MuiInputLabel-root-88 MuiInputLabel-formControl-93 MuiInputLabel-animated-96\\" data-shrink=\\"false\\" for=\\"password\\">Password<span class=\\"MuiFormLabel-asterisk-105\\"> *</span></label><div class=\\"MuiInputBase-root-119 MuiInput-root-106 MuiInput-underline-110 MuiInputBase-formControl-120 MuiInput-formControl-107\\"><input aria-invalid=\\"false\\" class=\\"MuiInputBase-input-129 MuiInput-input-114 MuiInputBase-inputType-132 MuiInput-inputType-117\\" id=\\"login--form-password\\" placeholder=\\"Your strong password\\" required=\\"\\" type=\\"password\\" value=\\"\\"></div></div></div><div class=\\"MuiDialogActions-root-136 dialog-footer\\"><button class=\\"MuiButtonBase-root-164 MuiButton-root-138 MuiButton-text-140 MuiButton-flat-143 MuiButton-colorInherit-159 MuiDialogActions-action-137\\" tabindex=\\"0\\" type=\\"button\\" id=\\"login--form-cancel\\"><span class=\\"MuiButton-label-139\\">Cancel</span><span class=\\"MuiTouchRipple-root-167\\"></span></button><button class=\\"MuiButtonBase-root-164 MuiButtonBase-disabled-165 MuiButton-root-138 MuiButton-text-140 MuiButton-flat-143 MuiButton-disabled-158 MuiButton-colorInherit-159 MuiDialogActions-action-137\\" tabindex=\\"-1\\" type=\\"submit\\" disabled=\\"\\" id=\\"login--form-submit\\"><span class=\\"MuiButton-label-139\\">Login</span></button></div></form></div></div></div>"`;
