// Jest Snapshot v1, https://goo.gl/fbAQLP

exports[`<Package /> component should load the component without author 1`] = `"<a class=\\"package css-scoisj e11fsc2k15\\" href=\\"detail/verdaccio\\"><div class=\\"css-esn5nr e11fsc2k0\\"><span class=\\"css-ilb586 e11fsc2k2\\"><span class=\\"css-bxt2bt e11fsc2k1\\">verdaccio</span><span class=\\"css-17xn9wj e11fsc2k5\\">v1.0.0</span></span><span class=\\"css-1dq57rh e11fsc2k4\\"><span class=\\"css-1vtxmi9 e11fsc2k3\\"><svg class=\\"e11fsc2k6 css-19sh63r ej4jd2o0\\"><title>License</title><use xlink:href=\\"[object Object]#license\\"></use></svg>MIT</span><span class=\\"css-1vtxmi9 e11fsc2k3\\"><svg class=\\"e11fsc2k6 css-1iep4l8 ej4jd2o0\\"><title>Time</title><use xlink:href=\\"[object Object]#time\\"></use></svg><span class=\\"css-c3js4s e11fsc2k7\\">Published on 09.12.2018, 17:49:30 â€¢</span>about 6 hours ago</span></span></div><div class=\\"css-tywa7u e11fsc2k9\\"><div class=\\"css-r6baau e11fsc2k8\\"><div class=\\"e11fsc2k10 css-1w35jfk e1pneb170\\">Author</div><div class=\\"css-15496ft e11fsc2k12\\"><div class=\\"MuiAvatar-root-1 MuiAvatar-colorDefault-2 css-1to0t9u e11fsc2k13\\">A</div><span class=\\"css-1xj37ub e11fsc2k11\\"><div class=\\"e11fsc2k10 css-1xe0n7g e1pneb170\\">Anonymous</div></span></div></div><div class=\\"css-r6baau e11fsc2k8\\"><div class=\\"e11fsc2k10 css-1w35jfk e1pneb170\\">Description</div><span>Private NPM repository</span></div></div></a>"`;
