// Jest Snapshot v1, https://goo.gl/fbAQLP

exports[`<Search /> component test should load the component in default state 1`] = `"<div class=\\"css-1crzyyo e18292mt0\\"><div role=\\"combobox\\" aria-haspopup=\\"listbox\\" aria-owns=\\"react-autowhatever-1\\" aria-expanded=\\"false\\" class=\\"react-autosuggest__container\\"><div class=\\"MuiFormControl-root-1 MuiFormControl-fullWidth-4 react-autosuggest__input\\" aria-autocomplete=\\"list\\" aria-controls=\\"react-autowhatever-1\\"><div class=\\"MuiInputBase-root-18 MuiInput-root-5 css-n9ojyg MuiInput-underline-9 MuiInputBase-fullWidth-27 MuiInput-fullWidth-12 MuiInputBase-formControl-19 MuiInput-formControl-6 MuiInputBase-adornedStart-22\\"><div class=\\"MuiInputAdornment-root-35 MuiInputAdornment-positionStart-37\\" style=\\"color: rgb(255, 255, 255);\\"><svg class=\\"MuiSvgIcon-root-40\\" focusable=\\"false\\" viewBox=\\"0 0 24 24\\" aria-hidden=\\"true\\" role=\\"presentation\\"><path d=\\"M15.5 14h-.79l-.28-.27C15.41 12.59 16 11.11 16 9.5 16 5.91 13.09 3 9.5 3S3 5.91 3 9.5 5.91 16 9.5 16c1.61 0 3.09-.59 4.23-1.57l.27.28v.79l5 4.99L20.49 19l-4.99-5zm-6 0C7.01 14 5 11.99 5 9.5S7.01 5 9.5 5 14 7.01 14 9.5 11.99 14 9.5 14z\\"></path><path fill=\\"none\\" d=\\"M0 0h24v24H0z\\"></path></svg></div><input aria-invalid=\\"false\\" autocomplete=\\"off\\" class=\\"MuiInputBase-input-28 MuiInput-input-13 css-hodoyq MuiInputBase-inputAdornedStart-33\\" placeholder=\\"Search Packages\\" type=\\"text\\" value=\\"\\"></div></div><div class=\\"MuiPaper-root-49 MuiPaper-elevation2-53 react-autosuggest__suggestions-container css-1aijpo3 e18292mt1\\" id=\\"react-autowhatever-1\\" role=\\"listbox\\"></div></div></div>"`;
