// Jest Snapshot v1, https://goo.gl/fbAQLP

exports[`<Install /> renders correctly 1`] = `
<ul
  class="MuiList-root MuiList-padding MuiList-subheader"
  data-testid="installList"
>
  <h6
    class="MuiTypography-root css-b8upko emotion-0 MuiTypography-subtitle1"
  >
    Installation
  </h6>
  <div
    aria-disabled="false"
    class="MuiButtonBase-root MuiListItem-root css-zw46c6 emotion-6 MuiListItem-gutters MuiListItem-button"
    data-testid="installListItem-npm"
    role="button"
    tabindex="0"
  >
    <div
      class="MuiAvatar-root css-19top7x emotion-1"
    >
      <img
        alt="npm"
        class="MuiAvatar-img"
        src="[object Object]"
      />
    </div>
    <div
      class="MuiListItemText-root css-fipixf emotion-5 MuiListItemText-multiline"
    >
      <span
        class="MuiTypography-root MuiListItemText-primary MuiTypography-body1"
      >
        <div
          class="css-1mta3t8 emotion-4"
        >
          <span
            class="css-lh0wgu emotion-2"
          >
            npm install foo
          </span>
          <button
            class="MuiButtonBase-root MuiIconButton-root css-0 emotion-3"
            tabindex="0"
            title="Copy to Clipboard"
            type="button"
          >
            <span
              class="MuiIconButton-label"
            >
              <svg
                aria-hidden="true"
                class="MuiSvgIcon-root"
                focusable="false"
                role="presentation"
                viewBox="0 0 24 24"
              >
                <path
                  d="M16 1H4c-1.1 0-2 .9-2 2v14h2V3h12V1zm-1 4l6 6v10c0 1.1-.9 2-2 2H7.99C6.89 23 6 22.1 6 21l.01-14c0-1.1.89-2 1.99-2h7zm-1 7h5.5L14 6.5V12z"
                />
              </svg>
            </span>
            <span
              class="MuiTouchRipple-root"
            />
          </button>
        </div>
      </span>
      <p
        class="MuiTypography-root MuiListItemText-secondary MuiTypography-body2 MuiTypography-colorTextSecondary"
      >
        Install using npm
      </p>
    </div>
    <span
      class="MuiTouchRipple-root"
    />
  </div>
  <div
    aria-disabled="false"
    class="MuiButtonBase-root MuiListItem-root css-zw46c6 emotion-6 MuiListItem-gutters MuiListItem-button"
    data-testid="installListItem-yarn"
    role="button"
    tabindex="0"
  >
    <div
      class="MuiAvatar-root css-19top7x emotion-1"
    >
      <img
        alt="yarn"
        class="MuiAvatar-img"
        src="[object Object]"
      />
    </div>
    <div
      class="MuiListItemText-root css-fipixf emotion-5 MuiListItemText-multiline"
    >
      <span
        class="MuiTypography-root MuiListItemText-primary MuiTypography-body1"
      >
        <div
          class="css-1mta3t8 emotion-4"
        >
          <span
            class="css-lh0wgu emotion-2"
          >
            yarn add foo
          </span>
          <button
            class="MuiButtonBase-root MuiIconButton-root css-0 emotion-3"
            tabindex="0"
            title="Copy to Clipboard"
            type="button"
          >
            <span
              class="MuiIconButton-label"
            >
              <svg
                aria-hidden="true"
                class="MuiSvgIcon-root"
                focusable="false"
                role="presentation"
                viewBox="0 0 24 24"
              >
                <path
                  d="M16 1H4c-1.1 0-2 .9-2 2v14h2V3h12V1zm-1 4l6 6v10c0 1.1-.9 2-2 2H7.99C6.89 23 6 22.1 6 21l.01-14c0-1.1.89-2 1.99-2h7zm-1 7h5.5L14 6.5V12z"
                />
              </svg>
            </span>
            <span
              class="MuiTouchRipple-root"
            />
          </button>
        </div>
      </span>
      <p
        class="MuiTypography-root MuiListItemText-secondary MuiTypography-body2 MuiTypography-colorTextSecondary"
      >
        Install using yarn
      </p>
    </div>
    <span
      class="MuiTouchRipple-root"
    />
  </div>
  <div
    aria-disabled="false"
    class="MuiButtonBase-root MuiListItem-root css-zw46c6 emotion-6 MuiListItem-gutters MuiListItem-button"
    data-testid="installListItem-pnpm"
    role="button"
    tabindex="0"
  >
    <div
      class="MuiAvatar-root css-19top7x emotion-1"
    >
      <img
        alt="pnpm"
        class="MuiAvatar-img"
        src="[object Object]"
      />
    </div>
    <div
      class="MuiListItemText-root css-fipixf emotion-5 MuiListItemText-multiline"
    >
      <span
        class="MuiTypography-root MuiListItemText-primary MuiTypography-body1"
      >
        <div
          class="css-1mta3t8 emotion-4"
        >
          <span
            class="css-lh0wgu emotion-2"
          >
            pnpm install foo
          </span>
          <button
            class="MuiButtonBase-root MuiIconButton-root css-0 emotion-3"
            tabindex="0"
            title="Copy to Clipboard"
            type="button"
          >
            <span
              class="MuiIconButton-label"
            >
              <svg
                aria-hidden="true"
                class="MuiSvgIcon-root"
                focusable="false"
                role="presentation"
                viewBox="0 0 24 24"
              >
                <path
                  d="M16 1H4c-1.1 0-2 .9-2 2v14h2V3h12V1zm-1 4l6 6v10c0 1.1-.9 2-2 2H7.99C6.89 23 6 22.1 6 21l.01-14c0-1.1.89-2 1.99-2h7zm-1 7h5.5L14 6.5V12z"
                />
              </svg>
            </span>
            <span
              class="MuiTouchRipple-root"
            />
          </button>
        </div>
      </span>
      <p
        class="MuiTypography-root MuiListItemText-secondary MuiTypography-body2 MuiTypography-colorTextSecondary"
      >
        Install using pnpm
      </p>
    </div>
    <span
      class="MuiTouchRipple-root"
    />
  </div>
</ul>
`;
