// Jest Snapshot v1, https://goo.gl/fbAQLP

exports[`<NotFound /> component should load the component in default state 1`] = `
.emotion-0 {
  width: 150px;
  margin: 0 auto;
}

.emotion-2 {
  color: #4b5e40;
  margin-bottom: 16px;
}

<div
  class="MuiBox-root MuiBox-root-1"
  data-testid="404"
>
  <img
    alt="404 - Page not found"
    class="emotion-0 emotion-1"
    src="[object Object]"
  />
  <h4
    class="MuiTypography-root not-found-text emotion-2 emotion-3 MuiTypography-h4"
  >
    Sorry, we couldn't find it...
  </h4>
  <button
    class="MuiButtonBase-root MuiButton-root MuiButton-contained"
    data-testid="not-found-go-to-home-button"
    tabindex="0"
    type="button"
  >
    <span
      class="MuiButton-label"
    >
      Go to the home page
    </span>
    <span
      class="MuiTouchRipple-root"
    />
  </button>
</div>
`;
