// Jest Snapshot v1, https://goo.gl/fbAQLP

exports[`<Tag /> component should load the component in default state 1`] = `
.emotion-0 {
  vertical-align: middle;
  line-height: 22px;
  border-radius: 2px;
  color: #485a3e;
  background-color: #f3f4f2;
  padding: 0.22rem 0.4rem;
  margin: 8px 8px 0 0;
}

<span
  class="emotion-0 emotion-1"
>
  <span>
    I am a child
  </span>
</span>
`;
