// Jest Snapshot v1, https://goo.gl/fbAQLP

exports[`<Readme /> component should dangerously set html 1`] = `"<div class=\\"markdown-body css-beaqbv-Wrapper esdleg90\\"><h1>This is a test string</h1></div>"`;

exports[`<Readme /> component should load the component in default state 1`] = `"<div class=\\"markdown-body css-beaqbv-Wrapper esdleg90\\">test</div>"`;
