// Jest Snapshot v1, https://goo.gl/fbAQLP

exports[`<Search /> component should load the component in default state 1`] = `
.emotion-0 {
  width: 100%;
  position: relative;
  z-index: 1;
}

.emotion-2 {
  width: 100%;
}

.emotion-2.Mui-focused .MuiAutocomplete-clearIndicator {
  visibility: visible;
}

@media (pointer: fine) {
  .emotion-2:hover .MuiAutocomplete-clearIndicator {
    visibility: visible;
  }
}

.emotion-2 .MuiAutocomplete-tag {
  margin: 3px;
  max-width: calc(100% - 6px);
}

.emotion-2 .MuiAutocomplete-inputRoot {
  -webkit-box-flex-wrap: wrap;
  -webkit-flex-wrap: wrap;
  -ms-flex-wrap: wrap;
  flex-wrap: wrap;
}

.MuiAutocomplete-hasPopupIcon.emotion-2 .MuiAutocomplete-inputRoot,
.MuiAutocomplete-hasClearIcon.emotion-2 .MuiAutocomplete-inputRoot {
  padding-right: 30px;
}

.MuiAutocomplete-hasPopupIcon.MuiAutocomplete-hasClearIcon.emotion-2 .MuiAutocomplete-inputRoot {
  padding-right: 56px;
}

.emotion-2 .MuiAutocomplete-inputRoot .MuiAutocomplete-input {
  width: 0;
  min-width: 30px;
}

.emotion-2 .MuiInput-root {
  padding-bottom: 1px;
}

.emotion-2 .MuiInput-root .MuiInput-input {
  padding: 4px 4px 4px 0px;
}

.emotion-2 .MuiInput-root.MuiInputBase-sizeSmall .MuiInput-input {
  padding: 2px 4px 3px 0;
}

.emotion-2 .MuiOutlinedInput-root {
  padding: 9px;
}

.MuiAutocomplete-hasPopupIcon.emotion-2 .MuiOutlinedInput-root,
.MuiAutocomplete-hasClearIcon.emotion-2 .MuiOutlinedInput-root {
  padding-right: 39px;
}

.MuiAutocomplete-hasPopupIcon.MuiAutocomplete-hasClearIcon.emotion-2 .MuiOutlinedInput-root {
  padding-right: 65px;
}

.emotion-2 .MuiOutlinedInput-root .MuiAutocomplete-input {
  padding: 7.5px 4px 7.5px 6px;
}

.emotion-2 .MuiOutlinedInput-root .MuiAutocomplete-endAdornment {
  right: 9px;
}

.emotion-2 .MuiOutlinedInput-root.MuiInputBase-sizeSmall {
  padding: 6px;
}

.emotion-2 .MuiOutlinedInput-root.MuiInputBase-sizeSmall .MuiAutocomplete-input {
  padding: 2.5px 4px 2.5px 6px;
}

.emotion-2 .MuiFilledInput-root {
  padding-top: 19px;
  padding-left: 8px;
}

.MuiAutocomplete-hasPopupIcon.emotion-2 .MuiFilledInput-root,
.MuiAutocomplete-hasClearIcon.emotion-2 .MuiFilledInput-root {
  padding-right: 39px;
}

.MuiAutocomplete-hasPopupIcon.MuiAutocomplete-hasClearIcon.emotion-2 .MuiFilledInput-root {
  padding-right: 65px;
}

.emotion-2 .MuiFilledInput-root .MuiFilledInput-input {
  padding: 7px 4px;
}

.emotion-2 .MuiFilledInput-root .MuiAutocomplete-endAdornment {
  right: 9px;
}

.emotion-2 .MuiFilledInput-root.MuiInputBase-sizeSmall {
  padding-bottom: 1px;
}

.emotion-2 .MuiFilledInput-root.MuiInputBase-sizeSmall .MuiFilledInput-input {
  padding: 2.5px 4px;
}

.emotion-2 .MuiInputBase-hiddenLabel {
  padding-top: 8px;
}

.emotion-2 .MuiAutocomplete-input {
  -webkit-box-flex: 1;
  -webkit-flex-grow: 1;
  -ms-flex-positive: 1;
  flex-grow: 1;
  text-overflow: ellipsis;
  opacity: 1;
}

.emotion-4 {
  display: -webkit-inline-box;
  display: -webkit-inline-flex;
  display: -ms-inline-flexbox;
  display: inline-flex;
  -webkit-flex-direction: column;
  -ms-flex-direction: column;
  flex-direction: column;
  position: relative;
  min-width: 0;
  padding: 0;
  margin: 0;
  border: 0;
  vertical-align: top;
  width: 100%;
}

.emotion-4 .MuiInputBase-root:before {
  content: '';
  border: none;
}

.emotion-4 .MuiInputBase-root:after {
  border-color: #fff;
}

.emotion-4 .MuiInputBase-root:hover:before {
  content: none;
}

.emotion-4 .MuiInputBase-root:hover:after {
  content: none;
  -webkit-transform: scaleX(1);
  -moz-transform: scaleX(1);
  -ms-transform: scaleX(1);
  transform: scaleX(1);
}

@media screen and (min-width: 768px) {
  .emotion-4 .MuiInputBase-root:hover:after {
    content: '';
  }
}

@media screen and (min-width: 768px) {
  .emotion-4 .MuiInputBase-input {
    color: #fff;
  }
}

.emotion-5 {
  font-family: -apple-system,BlinkMacSystemFont,"Helvetica Neue",Arial,sans-serif;
  font-weight: 400;
  font-size: 1rem;
  line-height: 1.4375em;
  color: rgba(0, 0, 0, 0.87);
  box-sizing: border-box;
  position: relative;
  cursor: text;
  display: -webkit-inline-box;
  display: -webkit-inline-flex;
  display: -ms-inline-flexbox;
  display: inline-flex;
  -webkit-align-items: center;
  -webkit-box-align: center;
  -ms-flex-align: center;
  align-items: center;
  width: 100%;
  position: relative;
}

.emotion-5.Mui-disabled {
  color: rgba(0, 0, 0, 0.38);
  cursor: default;
}

label+.emotion-5 {
  margin-top: 16px;
}

.emotion-5:after {
  border-bottom: 2px solid #4b5e40;
  left: 0;
  bottom: 0;
  content: "";
  position: absolute;
  right: 0;
  -webkit-transform: scaleX(0);
  -moz-transform: scaleX(0);
  -ms-transform: scaleX(0);
  transform: scaleX(0);
  -webkit-transition: -webkit-transform 200ms cubic-bezier(0.0, 0, 0.2, 1) 0ms;
  transition: transform 200ms cubic-bezier(0.0, 0, 0.2, 1) 0ms;
  pointer-events: none;
}

.emotion-5.Mui-focused:after {
  -webkit-transform: scaleX(1);
  -moz-transform: scaleX(1);
  -ms-transform: scaleX(1);
  transform: scaleX(1);
}

.emotion-5.Mui-error:after {
  border-bottom-color: #d32f2f;
  -webkit-transform: scaleX(1);
  -moz-transform: scaleX(1);
  -ms-transform: scaleX(1);
  transform: scaleX(1);
}

.emotion-5:before {
  border-bottom: 1px solid rgba(0, 0, 0, 0.42);
  left: 0;
  bottom: 0;
  content: "\\00a0";
  position: absolute;
  right: 0;
  -webkit-transition: border-bottom-color 200ms cubic-bezier(0.4, 0, 0.2, 1) 0ms;
  transition: border-bottom-color 200ms cubic-bezier(0.4, 0, 0.2, 1) 0ms;
  pointer-events: none;
}

.emotion-5:hover:not(.Mui-disabled):before {
  border-bottom: 2px solid rgba(0, 0, 0, 0.87);
}

@media (hover: none) {
  .emotion-5:hover:not(.Mui-disabled):before {
    border-bottom: 1px solid rgba(0, 0, 0, 0.42);
  }
}

.emotion-5.Mui-disabled:before {
  border-bottom-style: dotted;
}

.emotion-7 {
  display: -webkit-box;
  display: -webkit-flex;
  display: -ms-flexbox;
  display: flex;
  height: 0.01em;
  max-height: 2em;
  -webkit-align-items: center;
  -webkit-box-align: center;
  -ms-flex-align: center;
  align-items: center;
  white-space: nowrap;
  color: rgba(0, 0, 0, 0.54);
  margin-right: 8px;
  color: #fff;
}

.emotion-8 {
  -webkit-user-select: none;
  -moz-user-select: none;
  -ms-user-select: none;
  user-select: none;
  width: 1em;
  height: 1em;
  display: inline-block;
  fill: currentColor;
  -webkit-flex-shrink: 0;
  -ms-flex-negative: 0;
  flex-shrink: 0;
  -webkit-transition: fill 200ms cubic-bezier(0.4, 0, 0.2, 1) 0ms;
  transition: fill 200ms cubic-bezier(0.4, 0, 0.2, 1) 0ms;
  font-size: 1.5rem;
}

.emotion-9 {
  font: inherit;
  letter-spacing: inherit;
  color: currentColor;
  padding: 4px 0 5px;
  border: 0;
  box-sizing: content-box;
  background: none;
  height: 1.4375em;
  margin: 0;
  -webkit-tap-highlight-color: transparent;
  display: block;
  min-width: 0;
  width: 100%;
  -webkit-animation-name: mui-auto-fill-cancel;
  animation-name: mui-auto-fill-cancel;
  -webkit-animation-duration: 10ms;
  animation-duration: 10ms;
}

.emotion-9::-webkit-input-placeholder {
  color: currentColor;
  opacity: 0.42;
  -webkit-transition: opacity 200ms cubic-bezier(0.4, 0, 0.2, 1) 0ms;
  transition: opacity 200ms cubic-bezier(0.4, 0, 0.2, 1) 0ms;
}

.emotion-9::-moz-placeholder {
  color: currentColor;
  opacity: 0.42;
  -webkit-transition: opacity 200ms cubic-bezier(0.4, 0, 0.2, 1) 0ms;
  transition: opacity 200ms cubic-bezier(0.4, 0, 0.2, 1) 0ms;
}

.emotion-9:-ms-input-placeholder {
  color: currentColor;
  opacity: 0.42;
  -webkit-transition: opacity 200ms cubic-bezier(0.4, 0, 0.2, 1) 0ms;
  transition: opacity 200ms cubic-bezier(0.4, 0, 0.2, 1) 0ms;
}

.emotion-9::-ms-input-placeholder {
  color: currentColor;
  opacity: 0.42;
  -webkit-transition: opacity 200ms cubic-bezier(0.4, 0, 0.2, 1) 0ms;
  transition: opacity 200ms cubic-bezier(0.4, 0, 0.2, 1) 0ms;
}

.emotion-9:focus {
  outline: 0;
}

.emotion-9:invalid {
  box-shadow: none;
}

.emotion-9::-webkit-search-decoration {
  -webkit-appearance: none;
}

label[data-shrink=false]+.MuiInputBase-formControl .emotion-9::-webkit-input-placeholder {
  opacity: 0!important;
}

label[data-shrink=false]+.MuiInputBase-formControl .emotion-9::-moz-placeholder {
  opacity: 0!important;
}

label[data-shrink=false]+.MuiInputBase-formControl .emotion-9:-ms-input-placeholder {
  opacity: 0!important;
}

label[data-shrink=false]+.MuiInputBase-formControl .emotion-9::-ms-input-placeholder {
  opacity: 0!important;
}

label[data-shrink=false]+.MuiInputBase-formControl .emotion-9:focus::-webkit-input-placeholder {
  opacity: 0.42;
}

label[data-shrink=false]+.MuiInputBase-formControl .emotion-9:focus::-moz-placeholder {
  opacity: 0.42;
}

label[data-shrink=false]+.MuiInputBase-formControl .emotion-9:focus:-ms-input-placeholder {
  opacity: 0.42;
}

label[data-shrink=false]+.MuiInputBase-formControl .emotion-9:focus::-ms-input-placeholder {
  opacity: 0.42;
}

.emotion-9.Mui-disabled {
  opacity: 1;
  -webkit-text-fill-color: rgba(0, 0, 0, 0.38);
}

.emotion-9:-webkit-autofill {
  -webkit-animation-duration: 5000s;
  animation-duration: 5000s;
  -webkit-animation-name: mui-auto-fill;
  animation-name: mui-auto-fill;
}

.emotion-10 {
  position: absolute;
  right: 0;
  top: calc(50% - 14px);
}

<div
  class="emotion-0 emotion-1"
>
  <div
    aria-expanded="false"
    class="MuiAutocomplete-root MuiAutocomplete-fullWidth emotion-2"
    role="combobox"
  >
    <div
      class="MuiFormControl-root MuiFormControl-fullWidth MuiTextField-root emotion-3 emotion-4"
    >
      
      <div
        class="MuiInput-root MuiInput-underline MuiInputBase-root MuiInputBase-colorPrimary MuiInputBase-fullWidth MuiInputBase-formControl MuiInputBase-adornedStart MuiInputBase-adornedEnd MuiAutocomplete-inputRoot emotion-5"
      >
        <div
          class="MuiInputAdornment-root MuiInputAdornment-positionStart MuiInputAdornment-standard MuiInputAdornment-sizeMedium emotion-6 emotion-7"
        >
          <span
            class="notranslate"
          >
            ​
          </span>
          <svg
            aria-hidden="true"
            class="MuiSvgIcon-root MuiSvgIcon-fontSizeMedium emotion-8"
            data-testid="SearchIcon"
            focusable="false"
            viewBox="0 0 24 24"
          >
            <path
              d="M15.5 14h-.79l-.28-.27C15.41 12.59 16 11.11 16 9.5 16 5.91 13.09 3 9.5 3S3 5.91 3 9.5 5.91 16 9.5 16c1.61 0 3.09-.59 4.23-1.57l.27.28v.79l5 4.99L20.49 19l-4.99-5zm-6 0C7.01 14 5 11.99 5 9.5S7.01 5 9.5 5 14 7.01 14 9.5 11.99 14 9.5 14z"
            />
          </svg>
        </div>
        <input
          aria-autocomplete="list"
          aria-invalid="false"
          autocapitalize="none"
          autocomplete="off"
          class="MuiInput-input MuiInputBase-input MuiInputBase-inputAdornedStart MuiInputBase-inputAdornedEnd MuiAutocomplete-input MuiAutocomplete-inputFocused emotion-9"
          id="search-header-suggest"
          placeholder="Search Packages"
          spellcheck="false"
          type="text"
          value=""
        />
        <div
          class="MuiAutocomplete-endAdornment emotion-10"
        />
      </div>
    </div>
  </div>
</div>
`;
