// Jest Snapshot v1, https://goo.gl/fbAQLP

exports[`<Repository /> component should load the component in default state 1`] = `null`;
