// Jest Snapshot v1, https://goo.gl/fbAQLP

exports[`<Version /> component should render the component in default state 1`] = `"<h6 class=\\"MuiTypography-root css-1ikpjfo e1h4if9v0 MuiTypography-subtitle1\\">Current Tags</h6><ul class=\\"MuiList-root MuiList-dense MuiList-padding\\"><li class=\\"MuiListItem-root version-item MuiListItem-dense MuiListItem-gutters\\"><div class=\\"MuiListItemText-root css-5tz9yo e1h4if9v2 MuiListItemText-dense\\"><span class=\\"MuiTypography-root MuiListItemText-primary MuiTypography-body2\\">canary</span></div><div class=\\"css-5ufqjc e1h4if9v1\\"></div><div class=\\"MuiListItemText-root css-5tz9yo e1h4if9v2 MuiListItemText-dense\\"><span class=\\"MuiTypography-root MuiListItemText-primary MuiTypography-body2\\">8.0.1-master.1</span></div></li><li class=\\"MuiListItem-root version-item MuiListItem-dense MuiListItem-gutters\\"><div class=\\"MuiListItemText-root css-5tz9yo e1h4if9v2 MuiListItemText-dense\\"><span class=\\"MuiTypography-root MuiListItemText-primary MuiTypography-body2\\">token</span></div><div class=\\"css-5ufqjc e1h4if9v1\\"></div><div class=\\"MuiListItemText-root css-5tz9yo e1h4if9v2 MuiListItemText-dense\\"><span class=\\"MuiTypography-root MuiListItemText-primary MuiTypography-body2\\">2.2.1-pr-token-3</span></div></li><li class=\\"MuiListItem-root version-item MuiListItem-dense MuiListItem-gutters\\"><div class=\\"MuiListItemText-root css-5tz9yo e1h4if9v2 MuiListItemText-dense\\"><span class=\\"MuiTypography-root MuiListItemText-primary MuiTypography-body2\\">next</span></div><div class=\\"css-5ufqjc e1h4if9v1\\"></div><div class=\\"MuiListItemText-root css-5tz9yo e1h4if9v2 MuiListItemText-dense\\"><span class=\\"MuiTypography-root MuiListItemText-primary MuiTypography-body2\\">8.0.1-next.1</span></div></li><li class=\\"MuiListItem-root version-item MuiListItem-dense MuiListItem-gutters\\"><div class=\\"MuiListItemText-root css-5tz9yo e1h4if9v2 MuiListItemText-dense\\"><span class=\\"MuiTypography-root MuiListItemText-primary MuiTypography-body2\\">beta</span></div><div class=\\"css-5ufqjc e1h4if9v1\\"></div><div class=\\"MuiListItemText-root css-5tz9yo e1h4if9v2 MuiListItemText-dense\\"><span class=\\"MuiTypography-root MuiListItemText-primary MuiTypography-body2\\">2.0.0-beta.3</span></div></li><li class=\\"MuiListItem-root version-item MuiListItem-dense MuiListItem-gutters\\"><div class=\\"MuiListItemText-root css-5tz9yo e1h4if9v2 MuiListItemText-dense\\"><span class=\\"MuiTypography-root MuiListItemText-primary MuiTypography-body2\\">latest</span></div><div class=\\"css-5ufqjc e1h4if9v1\\"></div><div class=\\"MuiListItemText-root css-5tz9yo e1h4if9v2 MuiListItemText-dense\\"><span class=\\"MuiTypography-root MuiListItemText-primary MuiTypography-body2\\">8.0.0</span></div></li></ul><h6 class=\\"MuiTypography-root css-1ikpjfo e1h4if9v0 MuiTypography-subtitle1\\">Version History</h6><ul class=\\"MuiList-root MuiList-dense MuiList-padding\\"><li class=\\"MuiListItem-root version-item MuiListItem-dense MuiListItem-gutters\\"><a class=\\"MuiTypography-root MuiLink-root MuiLink-underlineHover MuiTypography-colorPrimary\\" href=\\"/-/web/detail/foo/v/8.0.1-master.1\\">8.0.1-master.1</a><div class=\\"css-5ufqjc e1h4if9v1\\"></div><div class=\\"MuiListItemText-root css-5tz9yo e1h4if9v2 MuiListItemText-dense\\"><span class=\\"MuiTypography-root MuiListItemText-primary MuiTypography-body2\\">about 1 month ago</span></div></li><li class=\\"MuiListItem-root version-item MuiListItem-dense MuiListItem-gutters\\"><a class=\\"MuiTypography-root MuiLink-root MuiLink-underlineHover MuiTypography-colorPrimary\\" href=\\"/-/web/detail/foo/v/8.0.1-dependabot-npm-and-yarn-eslint-plugin-jest-22-16-0.0\\">8.0.1-dependabot-npm-and-yarn-eslint-plugin-jest-22-16-0.0</a><div class=\\"css-5ufqjc e1h4if9v1\\"></div><div class=\\"MuiListItemText-root css-5tz9yo e1h4if9v2 MuiListItemText-dense\\"><span class=\\"MuiTypography-root MuiListItemText-primary MuiTypography-body2\\">about 1 month ago</span></div></li><li class=\\"MuiListItem-root version-item MuiListItem-dense MuiListItem-gutters\\"><a class=\\"MuiTypography-root MuiLink-root MuiLink-underlineHover MuiTypography-colorPrimary\\" href=\\"/-/web/detail/foo/v/8.0.1-next.1\\">8.0.1-next.1</a><div class=\\"css-5ufqjc e1h4if9v1\\"></div><div class=\\"MuiListItemText-root css-5tz9yo e1h4if9v2 MuiListItemText-dense\\"><span class=\\"MuiTypography-root MuiListItemText-primary MuiTypography-body2\\">about 1 month ago</span></div></li><li class=\\"MuiListItem-root version-item MuiListItem-dense MuiListItem-gutters\\"><a class=\\"MuiTypography-root MuiLink-root MuiLink-underlineHover MuiTypography-colorPrimary\\" href=\\"/-/web/detail/foo/v/8.0.1-remove-install-warnings.16\\">8.0.1-remove-install-warnings.16</a><div class=\\"css-5ufqjc e1h4if9v1\\"></div><div class=\\"MuiListItemText-root css-5tz9yo e1h4if9v2 MuiListItemText-dense\\"><span class=\\"MuiTypography-root MuiListItemText-primary MuiTypography-body2\\">about 1 month ago</span></div></li><li class=\\"MuiListItem-root version-item MuiListItem-dense MuiListItem-gutters\\"><a class=\\"MuiTypography-root MuiLink-root MuiLink-underlineHover MuiTypography-colorPrimary\\" href=\\"/-/web/detail/foo/v/8.0.1-master.19\\">8.0.1-master.19</a><div class=\\"css-5ufqjc e1h4if9v1\\"></div><div class=\\"MuiListItemText-root css-5tz9yo e1h4if9v2 MuiListItemText-dense\\"><span class=\\"MuiTypography-root MuiListItemText-primary MuiTypography-body2\\">about 1 month ago</span></div></li><li class=\\"MuiListItem-root version-item MuiListItem-dense MuiListItem-gutters\\"><a class=\\"MuiTypography-root MuiLink-root MuiLink-underlineHover MuiTypography-colorPrimary\\" href=\\"/-/web/detail/foo/v/8.0.1-master.18\\">8.0.1-master.18</a><div class=\\"css-5ufqjc e1h4if9v1\\"></div><div class=\\"MuiListItemText-root css-5tz9yo e1h4if9v2 MuiListItemText-dense\\"><span class=\\"MuiTypography-root MuiListItemText-primary MuiTypography-body2\\">about 1 month ago</span></div></li><li class=\\"MuiListItem-root version-item MuiListItem-dense MuiListItem-gutters\\"><a class=\\"MuiTypography-root MuiLink-root MuiLink-underlineHover MuiTypography-colorPrimary\\" href=\\"/-/web/detail/foo/v/8.0.1-master.7\\">8.0.1-master.7</a><div class=\\"css-5ufqjc e1h4if9v1\\"></div><div class=\\"MuiListItemText-root css-5tz9yo e1h4if9v2 MuiListItemText-dense\\"><span class=\\"MuiTypography-root MuiListItemText-primary MuiTypography-body2\\">about 1 month ago</span></div></li><li class=\\"MuiListItem-root version-item MuiListItem-dense MuiListItem-gutters\\"><a class=\\"MuiTypography-root MuiLink-root MuiLink-underlineHover MuiTypography-colorPrimary\\" href=\\"/-/web/detail/foo/v/8.0.0\\">8.0.0</a><div class=\\"css-5ufqjc e1h4if9v1\\"></div><div class=\\"MuiListItemText-root css-5tz9yo e1h4if9v2 MuiListItemText-dense\\"><span class=\\"MuiTypography-root MuiListItemText-primary MuiTypography-body2\\">about 1 month ago</span></div></li><li class=\\"MuiListItem-root version-item MuiListItem-dense MuiListItem-gutters\\"><a class=\\"MuiTypography-root MuiLink-root MuiLink-underlineHover MuiTypography-colorPrimary\\" href=\\"/-/web/detail/foo/v/8.0.1-greenkeeper-tools-eslint-6-2-2.6\\">8.0.1-greenkeeper-tools-eslint-6-2-2.6</a><div class=\\"css-5ufqjc e1h4if9v1\\"></div><div class=\\"MuiListItemText-root css-5tz9yo e1h4if9v2 MuiListItemText-dense\\"><span class=\\"MuiTypography-root MuiListItemText-primary MuiTypography-body2\\">about 1 month ago</span></div></li><li class=\\"MuiListItem-root version-item MuiListItem-dense MuiListItem-gutters\\"><a class=\\"MuiTypography-root MuiLink-root MuiLink-underlineHover MuiTypography-colorPrimary\\" href=\\"/-/web/detail/foo/v/8.0.1-master.5\\">8.0.1-master.5</a><div class=\\"css-5ufqjc e1h4if9v1\\"></div><div class=\\"MuiListItemText-root css-5tz9yo e1h4if9v2 MuiListItemText-dense\\"><span class=\\"MuiTypography-root MuiListItemText-primary MuiTypography-body2\\">about 1 month ago</span></div></li><li class=\\"MuiListItem-root version-item MuiListItem-dense MuiListItem-gutters\\"><a class=\\"MuiTypography-root MuiLink-root MuiLink-underlineHover MuiTypography-colorPrimary\\" href=\\"/-/web/detail/foo/v/8.0.0-remove-eslint-warnings.28\\">8.0.0-remove-eslint-warnings.28</a><div class=\\"css-5ufqjc e1h4if9v1\\"></div><div class=\\"MuiListItemText-root css-5tz9yo e1h4if9v2 MuiListItemText-dense\\"><span class=\\"MuiTypography-root MuiListItemText-primary MuiTypography-body2\\">about 1 month ago</span></div></li><li class=\\"MuiListItem-root version-item MuiListItem-dense MuiListItem-gutters\\"><a class=\\"MuiTypography-root MuiLink-root MuiLink-underlineHover MuiTypography-colorPrimary\\" href=\\"/-/web/detail/foo/v/8.0.0-master.16\\">8.0.0-master.16</a><div class=\\"css-5ufqjc e1h4if9v1\\"></div><div class=\\"MuiListItemText-root css-5tz9yo e1h4if9v2 MuiListItemText-dense\\"><span class=\\"MuiTypography-root MuiListItemText-primary MuiTypography-body2\\">about 1 month ago</span></div></li><li class=\\"MuiListItem-root version-item MuiListItem-dense MuiListItem-gutters\\"><a class=\\"MuiTypography-root MuiLink-root MuiLink-underlineHover MuiTypography-colorPrimary\\" href=\\"/-/web/detail/foo/v/8.0.0-next.4\\">8.0.0-next.4</a><div class=\\"css-5ufqjc e1h4if9v1\\"></div><div class=\\"MuiListItemText-root css-5tz9yo e1h4if9v2 MuiListItemText-dense\\"><span class=\\"MuiTypography-root MuiListItemText-primary MuiTypography-body2\\">about 1 month ago</span></div></li><li class=\\"MuiListItem-root version-item MuiListItem-dense MuiListItem-gutters\\"><a class=\\"MuiTypography-root MuiLink-root MuiLink-underlineHover MuiTypography-colorPrimary\\" href=\\"/-/web/detail/foo/v/8.0.0-next.3\\">8.0.0-next.3</a><div class=\\"css-5ufqjc e1h4if9v1\\"></div><div class=\\"MuiListItemText-root css-5tz9yo e1h4if9v2 MuiListItemText-dense\\"><span class=\\"MuiTypography-root MuiListItemText-primary MuiTypography-body2\\">about 2 months ago</span></div></li><li class=\\"MuiListItem-root version-item MuiListItem-dense MuiListItem-gutters\\"><a class=\\"MuiTypography-root MuiLink-root MuiLink-underlineHover MuiTypography-colorPrimary\\" href=\\"/-/web/detail/foo/v/2.3.0\\">2.3.0</a><div class=\\"css-5ufqjc e1h4if9v1\\"></div><div class=\\"MuiListItemText-root css-5tz9yo e1h4if9v2 MuiListItemText-dense\\"><span class=\\"MuiTypography-root MuiListItemText-primary MuiTypography-body2\\">about 2 months ago</span></div></li><li class=\\"MuiListItem-root version-item MuiListItem-dense MuiListItem-gutters\\"><a class=\\"MuiTypography-root MuiLink-root MuiLink-underlineHover MuiTypography-colorPrimary\\" href=\\"/-/web/detail/foo/v/2.2.1-1\\">2.2.1-1</a><div class=\\"css-5ufqjc e1h4if9v1\\"></div><div class=\\"MuiListItemText-root css-5tz9yo e1h4if9v2 MuiListItemText-dense\\"><span class=\\"MuiTypography-root MuiListItemText-primary MuiTypography-body2\\">about 2 months ago</span></div></li><li class=\\"MuiListItem-root version-item MuiListItem-dense MuiListItem-gutters\\"><a class=\\"MuiTypography-root MuiLink-root MuiLink-underlineHover MuiTypography-colorPrimary\\" href=\\"/-/web/detail/foo/v/2.2.1-pr-token-3\\">2.2.1-pr-token-3</a><div class=\\"css-5ufqjc e1h4if9v1\\"></div><div class=\\"MuiListItemText-root css-5tz9yo e1h4if9v2 MuiListItemText-dense\\"><span class=\\"MuiTypography-root MuiListItemText-primary MuiTypography-body2\\">about 2 months ago</span></div></li><li class=\\"MuiListItem-root version-item MuiListItem-dense MuiListItem-gutters\\"><a class=\\"MuiTypography-root MuiLink-root MuiLink-underlineHover MuiTypography-colorPrimary\\" href=\\"/-/web/detail/foo/v/2.2.1-pr-token-2\\">2.2.1-pr-token-2</a><div class=\\"css-5ufqjc e1h4if9v1\\"></div><div class=\\"MuiListItemText-root css-5tz9yo e1h4if9v2 MuiListItemText-dense\\"><span class=\\"MuiTypography-root MuiListItemText-primary MuiTypography-body2\\">about 2 months ago</span></div></li><li class=\\"MuiListItem-root version-item MuiListItem-dense MuiListItem-gutters\\"><a class=\\"MuiTypography-root MuiLink-root MuiLink-underlineHover MuiTypography-colorPrimary\\" href=\\"/-/web/detail/foo/v/2.2.1-pr-token-1\\">2.2.1-pr-token-1</a><div class=\\"css-5ufqjc e1h4if9v1\\"></div><div class=\\"MuiListItemText-root css-5tz9yo e1h4if9v2 MuiListItemText-dense\\"><span class=\\"MuiTypography-root MuiListItemText-primary MuiTypography-body2\\">about 2 months ago</span></div></li><li class=\\"MuiListItem-root version-item MuiListItem-dense MuiListItem-gutters\\"><a class=\\"MuiTypography-root MuiLink-root MuiLink-underlineHover MuiTypography-colorPrimary\\" href=\\"/-/web/detail/foo/v/2.2.1-pr-token\\">2.2.1-pr-token</a><div class=\\"css-5ufqjc e1h4if9v1\\"></div><div class=\\"MuiListItemText-root css-5tz9yo e1h4if9v2 MuiListItemText-dense\\"><span class=\\"MuiTypography-root MuiListItemText-primary MuiTypography-body2\\">about 2 months ago</span></div></li><li class=\\"MuiListItem-root version-item MuiListItem-dense MuiListItem-gutters\\"><a class=\\"MuiTypography-root MuiLink-root MuiLink-underlineHover MuiTypography-colorPrimary\\" href=\\"/-/web/detail/foo/v/2.2.1-pr-168-1\\">2.2.1-pr-168-1</a><div class=\\"css-5ufqjc e1h4if9v1\\"></div><div class=\\"MuiListItemText-root css-5tz9yo e1h4if9v2 MuiListItemText-dense\\"><span class=\\"MuiTypography-root MuiListItemText-primary MuiTypography-body2\\">about 2 months ago</span></div></li><li class=\\"MuiListItem-root version-item MuiListItem-dense MuiListItem-gutters\\"><a class=\\"MuiTypography-root MuiLink-root MuiLink-underlineHover MuiTypography-colorPrimary\\" href=\\"/-/web/detail/foo/v/2.2.1\\">2.2.1</a><div class=\\"css-5ufqjc e1h4if9v1\\"></div><div class=\\"MuiListItemText-root css-5tz9yo e1h4if9v2 MuiListItemText-dense\\"><span class=\\"MuiTypography-root MuiListItemText-primary MuiTypography-body2\\">3 months ago</span></div></li><li class=\\"MuiListItem-root version-item MuiListItem-dense MuiListItem-gutters\\"><a class=\\"MuiTypography-root MuiLink-root MuiLink-underlineHover MuiTypography-colorPrimary\\" href=\\"/-/web/detail/foo/v/2.1.0\\">2.1.0</a><div class=\\"css-5ufqjc e1h4if9v1\\"></div><div class=\\"MuiListItemText-root css-5tz9yo e1h4if9v2 MuiListItemText-dense\\"><span class=\\"MuiTypography-root MuiListItemText-primary MuiTypography-body2\\">6 months ago</span></div></li><li class=\\"MuiListItem-root version-item MuiListItem-dense MuiListItem-gutters\\"><a class=\\"MuiTypography-root MuiLink-root MuiLink-underlineHover MuiTypography-colorPrimary\\" href=\\"/-/web/detail/foo/v/2.0.0\\">2.0.0</a><div class=\\"css-5ufqjc e1h4if9v1\\"></div><div class=\\"MuiListItemText-root css-5tz9yo e1h4if9v2 MuiListItemText-dense\\"><span class=\\"MuiTypography-root MuiListItemText-primary MuiTypography-body2\\">6 months ago</span></div></li><li class=\\"MuiListItem-root version-item MuiListItem-dense MuiListItem-gutters\\"><a class=\\"MuiTypography-root MuiLink-root MuiLink-underlineHover MuiTypography-colorPrimary\\" href=\\"/-/web/detail/foo/v/2.0.0-beta.3\\">2.0.0-beta.3</a><div class=\\"css-5ufqjc e1h4if9v1\\"></div><div class=\\"MuiListItemText-root css-5tz9yo e1h4if9v2 MuiListItemText-dense\\"><span class=\\"MuiTypography-root MuiListItemText-primary MuiTypography-body2\\">7 months ago</span></div></li><li class=\\"MuiListItem-root version-item MuiListItem-dense MuiListItem-gutters\\"><a class=\\"MuiTypography-root MuiLink-root MuiLink-underlineHover MuiTypography-colorPrimary\\" href=\\"/-/web/detail/foo/v/2.0.0-beta.2\\">2.0.0-beta.2</a><div class=\\"css-5ufqjc e1h4if9v1\\"></div><div class=\\"MuiListItemText-root css-5tz9yo e1h4if9v2 MuiListItemText-dense\\"><span class=\\"MuiTypography-root MuiListItemText-primary MuiTypography-body2\\">7 months ago</span></div></li><li class=\\"MuiListItem-root version-item MuiListItem-dense MuiListItem-gutters\\"><a class=\\"MuiTypography-root MuiLink-root MuiLink-underlineHover MuiTypography-colorPrimary\\" href=\\"/-/web/detail/foo/v/1.1.7\\">1.1.7</a><div class=\\"css-5ufqjc e1h4if9v1\\"></div><div class=\\"MuiListItemText-root css-5tz9yo e1h4if9v2 MuiListItemText-dense\\"><span class=\\"MuiTypography-root MuiListItemText-primary MuiTypography-body2\\">7 months ago</span></div></li><li class=\\"MuiListItem-root version-item MuiListItem-dense MuiListItem-gutters\\"><a class=\\"MuiTypography-root MuiLink-root MuiLink-underlineHover MuiTypography-colorPrimary\\" href=\\"/-/web/detail/foo/v/1.1.6\\">1.1.6</a><div class=\\"css-5ufqjc e1h4if9v1\\"></div><div class=\\"MuiListItemText-root css-5tz9yo e1h4if9v2 MuiListItemText-dense\\"><span class=\\"MuiTypography-root MuiListItemText-primary MuiTypography-body2\\">8 months ago</span></div></li><li class=\\"MuiListItem-root version-item MuiListItem-dense MuiListItem-gutters\\"><a class=\\"MuiTypography-root MuiLink-root MuiLink-underlineHover MuiTypography-colorPrimary\\" href=\\"/-/web/detail/foo/v/1.1.5\\">1.1.5</a><div class=\\"css-5ufqjc e1h4if9v1\\"></div><div class=\\"MuiListItemText-root css-5tz9yo e1h4if9v2 MuiListItemText-dense\\"><span class=\\"MuiTypography-root MuiListItemText-primary MuiTypography-body2\\">8 months ago</span></div></li><li class=\\"MuiListItem-root version-item MuiListItem-dense MuiListItem-gutters\\"><a class=\\"MuiTypography-root MuiLink-root MuiLink-underlineHover MuiTypography-colorPrimary\\" href=\\"/-/web/detail/foo/v/1.1.4\\">1.1.4</a><div class=\\"css-5ufqjc e1h4if9v1\\"></div><div class=\\"MuiListItemText-root css-5tz9yo e1h4if9v2 MuiListItemText-dense\\"><span class=\\"MuiTypography-root MuiListItemText-primary MuiTypography-body2\\">8 months ago</span></div></li><li class=\\"MuiListItem-root version-item MuiListItem-dense MuiListItem-gutters\\"><a class=\\"MuiTypography-root MuiLink-root MuiLink-underlineHover MuiTypography-colorPrimary\\" href=\\"/-/web/detail/foo/v/2.0.0-beta.1\\">2.0.0-beta.1</a><div class=\\"css-5ufqjc e1h4if9v1\\"></div><div class=\\"MuiListItemText-root css-5tz9yo e1h4if9v2 MuiListItemText-dense\\"><span class=\\"MuiTypography-root MuiListItemText-primary MuiTypography-body2\\">8 months ago</span></div></li><li class=\\"MuiListItem-root version-item MuiListItem-dense MuiListItem-gutters\\"><a class=\\"MuiTypography-root MuiLink-root MuiLink-underlineHover MuiTypography-colorPrimary\\" href=\\"/-/web/detail/foo/v/2.0.0-beta.0\\">2.0.0-beta.0</a><div class=\\"css-5ufqjc e1h4if9v1\\"></div><div class=\\"MuiListItemText-root css-5tz9yo e1h4if9v2 MuiListItemText-dense\\"><span class=\\"MuiTypography-root MuiListItemText-primary MuiTypography-body2\\">8 months ago</span></div></li><li class=\\"MuiListItem-root version-item MuiListItem-dense MuiListItem-gutters\\"><a class=\\"MuiTypography-root MuiLink-root MuiLink-underlineHover MuiTypography-colorPrimary\\" href=\\"/-/web/detail/foo/v/1.2.0\\">1.2.0</a><div class=\\"css-5ufqjc e1h4if9v1\\"></div><div class=\\"MuiListItemText-root css-5tz9yo e1h4if9v2 MuiListItemText-dense\\"><span class=\\"MuiTypography-root MuiListItemText-primary MuiTypography-body2\\">about 1 year ago</span></div></li><li class=\\"MuiListItem-root version-item MuiListItem-dense MuiListItem-gutters\\"><a class=\\"MuiTypography-root MuiLink-root MuiLink-underlineHover MuiTypography-colorPrimary\\" href=\\"/-/web/detail/foo/v/1.1.3\\">1.1.3</a><div class=\\"css-5ufqjc e1h4if9v1\\"></div><div class=\\"MuiListItemText-root css-5tz9yo e1h4if9v2 MuiListItemText-dense\\"><span class=\\"MuiTypography-root MuiListItemText-primary MuiTypography-body2\\">about 1 year ago</span></div></li><li class=\\"MuiListItem-root version-item MuiListItem-dense MuiListItem-gutters\\"><a class=\\"MuiTypography-root MuiLink-root MuiLink-underlineHover MuiTypography-colorPrimary\\" href=\\"/-/web/detail/foo/v/1.1.2\\">1.1.2</a><div class=\\"css-5ufqjc e1h4if9v1\\"></div><div class=\\"MuiListItemText-root css-5tz9yo e1h4if9v2 MuiListItemText-dense\\"><span class=\\"MuiTypography-root MuiListItemText-primary MuiTypography-body2\\">over 1 year ago</span></div></li><li class=\\"MuiListItem-root version-item MuiListItem-dense MuiListItem-gutters\\"><a class=\\"MuiTypography-root MuiLink-root MuiLink-underlineHover MuiTypography-colorPrimary\\" href=\\"/-/web/detail/foo/v/1.1.1\\">1.1.1</a><div class=\\"css-5ufqjc e1h4if9v1\\"></div><div class=\\"MuiListItemText-root css-5tz9yo e1h4if9v2 MuiListItemText-dense\\"><span class=\\"MuiTypography-root MuiListItemText-primary MuiTypography-body2\\">over 1 year ago</span></div></li><li class=\\"MuiListItem-root version-item MuiListItem-dense MuiListItem-gutters\\"><a class=\\"MuiTypography-root MuiLink-root MuiLink-underlineHover MuiTypography-colorPrimary\\" href=\\"/-/web/detail/foo/v/1.1.0\\">1.1.0</a><div class=\\"css-5ufqjc e1h4if9v1\\"></div><div class=\\"MuiListItemText-root css-5tz9yo e1h4if9v2 MuiListItemText-dense\\"><span class=\\"MuiTypography-root MuiListItemText-primary MuiTypography-body2\\">over 1 year ago</span></div></li><li class=\\"MuiListItem-root version-item MuiListItem-dense MuiListItem-gutters\\"><a class=\\"MuiTypography-root MuiLink-root MuiLink-underlineHover MuiTypography-colorPrimary\\" href=\\"/-/web/detail/foo/v/1.0.3\\">1.0.3</a><div class=\\"css-5ufqjc e1h4if9v1\\"></div><div class=\\"MuiListItemText-root css-5tz9yo e1h4if9v2 MuiListItemText-dense\\"><span class=\\"MuiTypography-root MuiListItemText-primary MuiTypography-body2\\">over 1 year ago</span></div></li><li class=\\"MuiListItem-root version-item MuiListItem-dense MuiListItem-gutters\\"><a class=\\"MuiTypography-root MuiLink-root MuiLink-underlineHover MuiTypography-colorPrimary\\" href=\\"/-/web/detail/foo/v/1.0.2\\">1.0.2</a><div class=\\"css-5ufqjc e1h4if9v1\\"></div><div class=\\"MuiListItemText-root css-5tz9yo e1h4if9v2 MuiListItemText-dense\\"><span class=\\"MuiTypography-root MuiListItemText-primary MuiTypography-body2\\">over 1 year ago</span></div></li><li class=\\"MuiListItem-root version-item MuiListItem-dense MuiListItem-gutters\\"><a class=\\"MuiTypography-root MuiLink-root MuiLink-underlineHover MuiTypography-colorPrimary\\" href=\\"/-/web/detail/foo/v/1.0.1\\">1.0.1</a><div class=\\"css-5ufqjc e1h4if9v1\\"></div><div class=\\"MuiListItemText-root css-5tz9yo e1h4if9v2 MuiListItemText-dense\\"><span class=\\"MuiTypography-root MuiListItemText-primary MuiTypography-body2\\">over 1 year ago</span></div></li><li class=\\"MuiListItem-root version-item MuiListItem-dense MuiListItem-gutters\\"><a class=\\"MuiTypography-root MuiLink-root MuiLink-underlineHover MuiTypography-colorPrimary\\" href=\\"/-/web/detail/foo/v/1.0.0\\">1.0.0</a><div class=\\"css-5ufqjc e1h4if9v1\\"></div><div class=\\"MuiListItemText-root css-5tz9yo e1h4if9v2 MuiListItemText-dense\\"><span class=\\"MuiTypography-root MuiListItemText-primary MuiTypography-body2\\">over 1 year ago</span></div></li><li class=\\"MuiListItem-root version-item MuiListItem-dense MuiListItem-gutters\\"><a class=\\"MuiTypography-root MuiLink-root MuiLink-underlineHover MuiTypography-colorPrimary\\" href=\\"/-/web/detail/foo/v/0.4.2\\">0.4.2</a><div class=\\"css-5ufqjc e1h4if9v1\\"></div><div class=\\"MuiListItemText-root css-5tz9yo e1h4if9v2 MuiListItemText-dense\\"><span class=\\"MuiTypography-root MuiListItemText-primary MuiTypography-body2\\">over 1 year ago</span></div></li><li class=\\"MuiListItem-root version-item MuiListItem-dense MuiListItem-gutters\\"><a class=\\"MuiTypography-root MuiLink-root MuiLink-underlineHover MuiTypography-colorPrimary\\" href=\\"/-/web/detail/foo/v/0.4.1\\">0.4.1</a><div class=\\"css-5ufqjc e1h4if9v1\\"></div><div class=\\"MuiListItemText-root css-5tz9yo e1h4if9v2 MuiListItemText-dense\\"><span class=\\"MuiTypography-root MuiListItemText-primary MuiTypography-body2\\">over 1 year ago</span></div></li><li class=\\"MuiListItem-root version-item MuiListItem-dense MuiListItem-gutters\\"><a class=\\"MuiTypography-root MuiLink-root MuiLink-underlineHover MuiTypography-colorPrimary\\" href=\\"/-/web/detail/foo/v/0.4.0\\">0.4.0</a><div class=\\"css-5ufqjc e1h4if9v1\\"></div><div class=\\"MuiListItemText-root css-5tz9yo e1h4if9v2 MuiListItemText-dense\\"><span class=\\"MuiTypography-root MuiListItemText-primary MuiTypography-body2\\">over 1 year ago</span></div></li><li class=\\"MuiListItem-root version-item MuiListItem-dense MuiListItem-gutters\\"><a class=\\"MuiTypography-root MuiLink-root MuiLink-underlineHover MuiTypography-colorPrimary\\" href=\\"/-/web/detail/foo/v/0.3.0\\">0.3.0</a><div class=\\"css-5ufqjc e1h4if9v1\\"></div><div class=\\"MuiListItemText-root css-5tz9yo e1h4if9v2 MuiListItemText-dense\\"><span class=\\"MuiTypography-root MuiListItemText-primary MuiTypography-body2\\">over 1 year ago</span></div></li><li class=\\"MuiListItem-root version-item MuiListItem-dense MuiListItem-gutters\\"><a class=\\"MuiTypography-root MuiLink-root MuiLink-underlineHover MuiTypography-colorPrimary\\" href=\\"/-/web/detail/foo/v/0.2.1\\">0.2.1</a><div class=\\"css-5ufqjc e1h4if9v1\\"></div><div class=\\"MuiListItemText-root css-5tz9yo e1h4if9v2 MuiListItemText-dense\\"><span class=\\"MuiTypography-root MuiListItemText-primary MuiTypography-body2\\">over 1 year ago</span></div></li><li class=\\"MuiListItem-root version-item MuiListItem-dense MuiListItem-gutters\\"><a class=\\"MuiTypography-root MuiLink-root MuiLink-underlineHover MuiTypography-colorPrimary\\" href=\\"/-/web/detail/foo/v/0.2.0\\">0.2.0</a><div class=\\"css-5ufqjc e1h4if9v1\\"></div><div class=\\"MuiListItemText-root css-5tz9yo e1h4if9v2 MuiListItemText-dense\\"><span class=\\"MuiTypography-root MuiListItemText-primary MuiTypography-body2\\">over 1 year ago</span></div></li><li class=\\"MuiListItem-root version-item MuiListItem-dense MuiListItem-gutters\\"><a class=\\"MuiTypography-root MuiLink-root MuiLink-underlineHover MuiTypography-colorPrimary\\" href=\\"/-/web/detail/foo/v/0.1.4\\">0.1.4</a><div class=\\"css-5ufqjc e1h4if9v1\\"></div><div class=\\"MuiListItemText-root css-5tz9yo e1h4if9v2 MuiListItemText-dense\\"><span class=\\"MuiTypography-root MuiListItemText-primary MuiTypography-body2\\">over 1 year ago</span></div></li><li class=\\"MuiListItem-root version-item MuiListItem-dense MuiListItem-gutters\\"><a class=\\"MuiTypography-root MuiLink-root MuiLink-underlineHover MuiTypography-colorPrimary\\" href=\\"/-/web/detail/foo/v/0.1.3\\">0.1.3</a><div class=\\"css-5ufqjc e1h4if9v1\\"></div><div class=\\"MuiListItemText-root css-5tz9yo e1h4if9v2 MuiListItemText-dense\\"><span class=\\"MuiTypography-root MuiListItemText-primary MuiTypography-body2\\">over 1 year ago</span></div></li><li class=\\"MuiListItem-root version-item MuiListItem-dense MuiListItem-gutters\\"><a class=\\"MuiTypography-root MuiLink-root MuiLink-underlineHover MuiTypography-colorPrimary\\" href=\\"/-/web/detail/foo/v/0.1.2\\">0.1.2</a><div class=\\"css-5ufqjc e1h4if9v1\\"></div><div class=\\"MuiListItemText-root css-5tz9yo e1h4if9v2 MuiListItemText-dense\\"><span class=\\"MuiTypography-root MuiListItemText-primary MuiTypography-body2\\">almost 2 years ago</span></div></li><li class=\\"MuiListItem-root version-item MuiListItem-dense MuiListItem-gutters\\"><a class=\\"MuiTypography-root MuiLink-root MuiLink-underlineHover MuiTypography-colorPrimary\\" href=\\"/-/web/detail/foo/v/0.1.1\\">0.1.1</a><div class=\\"css-5ufqjc e1h4if9v1\\"></div><div class=\\"MuiListItemText-root css-5tz9yo e1h4if9v2 MuiListItemText-dense\\"><span class=\\"MuiTypography-root MuiListItemText-primary MuiTypography-body2\\">almost 2 years ago</span></div></li><li class=\\"MuiListItem-root version-item MuiListItem-dense MuiListItem-gutters\\"><a class=\\"MuiTypography-root MuiLink-root MuiLink-underlineHover MuiTypography-colorPrimary\\" href=\\"/-/web/detail/foo/v/0.1.0\\">0.1.0</a><div class=\\"css-5ufqjc e1h4if9v1\\"></div><div class=\\"MuiListItemText-root css-5tz9yo e1h4if9v2 MuiListItemText-dense\\"><span class=\\"MuiTypography-root MuiListItemText-primary MuiTypography-body2\\">almost 2 years ago</span></div></li><li class=\\"MuiListItem-root version-item MuiListItem-dense MuiListItem-gutters\\"><a class=\\"MuiTypography-root MuiLink-root MuiLink-underlineHover MuiTypography-colorPrimary\\" href=\\"/-/web/detail/foo/v/0.0.14\\">0.0.14</a><div class=\\"css-5ufqjc e1h4if9v1\\"></div><div class=\\"MuiListItemText-root css-5tz9yo e1h4if9v2 MuiListItemText-dense\\"><span class=\\"MuiTypography-root MuiListItemText-primary MuiTypography-body2\\">almost 2 years ago</span></div></li><li class=\\"MuiListItem-root version-item MuiListItem-dense MuiListItem-gutters\\"><a class=\\"MuiTypography-root MuiLink-root MuiLink-underlineHover MuiTypography-colorPrimary\\" href=\\"/-/web/detail/foo/v/0.0.13\\">0.0.13</a><div class=\\"css-5ufqjc e1h4if9v1\\"></div><div class=\\"MuiListItemText-root css-5tz9yo e1h4if9v2 MuiListItemText-dense\\"><span class=\\"MuiTypography-root MuiListItemText-primary MuiTypography-body2\\">almost 2 years ago</span></div></li><li class=\\"MuiListItem-root version-item MuiListItem-dense MuiListItem-gutters\\"><a class=\\"MuiTypography-root MuiLink-root MuiLink-underlineHover MuiTypography-colorPrimary\\" href=\\"/-/web/detail/foo/v/0.0.12\\">0.0.12</a><div class=\\"css-5ufqjc e1h4if9v1\\"></div><div class=\\"MuiListItemText-root css-5tz9yo e1h4if9v2 MuiListItemText-dense\\"><span class=\\"MuiTypography-root MuiListItemText-primary MuiTypography-body2\\">almost 2 years ago</span></div></li><li class=\\"MuiListItem-root version-item MuiListItem-dense MuiListItem-gutters\\"><a class=\\"MuiTypography-root MuiLink-root MuiLink-underlineHover MuiTypography-colorPrimary\\" href=\\"/-/web/detail/foo/v/0.0.11\\">0.0.11</a><div class=\\"css-5ufqjc e1h4if9v1\\"></div><div class=\\"MuiListItemText-root css-5tz9yo e1h4if9v2 MuiListItemText-dense\\"><span class=\\"MuiTypography-root MuiListItemText-primary MuiTypography-body2\\">almost 2 years ago</span></div></li><li class=\\"MuiListItem-root version-item MuiListItem-dense MuiListItem-gutters\\"><a class=\\"MuiTypography-root MuiLink-root MuiLink-underlineHover MuiTypography-colorPrimary\\" href=\\"/-/web/detail/foo/v/0.0.10\\">0.0.10</a><div class=\\"css-5ufqjc e1h4if9v1\\"></div><div class=\\"MuiListItemText-root css-5tz9yo e1h4if9v2 MuiListItemText-dense\\"><span class=\\"MuiTypography-root MuiListItemText-primary MuiTypography-body2\\">almost 2 years ago</span></div></li><li class=\\"MuiListItem-root version-item MuiListItem-dense MuiListItem-gutters\\"><a class=\\"MuiTypography-root MuiLink-root MuiLink-underlineHover MuiTypography-colorPrimary\\" href=\\"/-/web/detail/foo/v/0.0.8\\">0.0.8</a><div class=\\"css-5ufqjc e1h4if9v1\\"></div><div class=\\"MuiListItemText-root css-5tz9yo e1h4if9v2 MuiListItemText-dense\\"><span class=\\"MuiTypography-root MuiListItemText-primary MuiTypography-body2\\">almost 2 years ago</span></div></li><li class=\\"MuiListItem-root version-item MuiListItem-dense MuiListItem-gutters\\"><a class=\\"MuiTypography-root MuiLink-root MuiLink-underlineHover MuiTypography-colorPrimary\\" href=\\"/-/web/detail/foo/v/0.0.7\\">0.0.7</a><div class=\\"css-5ufqjc e1h4if9v1\\"></div><div class=\\"MuiListItemText-root css-5tz9yo e1h4if9v2 MuiListItemText-dense\\"><span class=\\"MuiTypography-root MuiListItemText-primary MuiTypography-body2\\">almost 2 years ago</span></div></li><li class=\\"MuiListItem-root version-item MuiListItem-dense MuiListItem-gutters\\"><a class=\\"MuiTypography-root MuiLink-root MuiLink-underlineHover MuiTypography-colorPrimary\\" href=\\"/-/web/detail/foo/v/0.0.6\\">0.0.6</a><div class=\\"css-5ufqjc e1h4if9v1\\"></div><div class=\\"MuiListItemText-root css-5tz9yo e1h4if9v2 MuiListItemText-dense\\"><span class=\\"MuiTypography-root MuiListItemText-primary MuiTypography-body2\\">almost 2 years ago</span></div></li><li class=\\"MuiListItem-root version-item MuiListItem-dense MuiListItem-gutters\\"><a class=\\"MuiTypography-root MuiLink-root MuiLink-underlineHover MuiTypography-colorPrimary\\" href=\\"/-/web/detail/foo/v/0.0.5\\">0.0.5</a><div class=\\"css-5ufqjc e1h4if9v1\\"></div><div class=\\"MuiListItemText-root css-5tz9yo e1h4if9v2 MuiListItemText-dense\\"><span class=\\"MuiTypography-root MuiListItemText-primary MuiTypography-body2\\">about 2 years ago</span></div></li><li class=\\"MuiListItem-root version-item MuiListItem-dense MuiListItem-gutters\\"><a class=\\"MuiTypography-root MuiLink-root MuiLink-underlineHover MuiTypography-colorPrimary\\" href=\\"/-/web/detail/foo/v/0.0.4\\">0.0.4</a><div class=\\"css-5ufqjc e1h4if9v1\\"></div><div class=\\"MuiListItemText-root css-5tz9yo e1h4if9v2 MuiListItemText-dense\\"><span class=\\"MuiTypography-root MuiListItemText-primary MuiTypography-body2\\">about 2 years ago</span></div></li><li class=\\"MuiListItem-root version-item MuiListItem-dense MuiListItem-gutters\\"><a class=\\"MuiTypography-root MuiLink-root MuiLink-underlineHover MuiTypography-colorPrimary\\" href=\\"/-/web/detail/foo/v/0.0.3\\">0.0.3</a><div class=\\"css-5ufqjc e1h4if9v1\\"></div><div class=\\"MuiListItemText-root css-5tz9yo e1h4if9v2 MuiListItemText-dense\\"><span class=\\"MuiTypography-root MuiListItemText-primary MuiTypography-body2\\">about 2 years ago</span></div></li><li class=\\"MuiListItem-root version-item MuiListItem-dense MuiListItem-gutters\\"><a class=\\"MuiTypography-root MuiLink-root MuiLink-underlineHover MuiTypography-colorPrimary\\" href=\\"/-/web/detail/foo/v/0.0.2\\">0.0.2</a><div class=\\"css-5ufqjc e1h4if9v1\\"></div><div class=\\"MuiListItemText-root css-5tz9yo e1h4if9v2 MuiListItemText-dense\\"><span class=\\"MuiTypography-root MuiListItemText-primary MuiTypography-body2\\">about 2 years ago</span></div></li><li class=\\"MuiListItem-root version-item MuiListItem-dense MuiListItem-gutters\\"><a class=\\"MuiTypography-root MuiLink-root MuiLink-underlineHover MuiTypography-colorPrimary\\" href=\\"/-/web/detail/foo/v/0.0.1\\">0.0.1</a><div class=\\"css-5ufqjc e1h4if9v1\\"></div><div class=\\"MuiListItemText-root css-5tz9yo e1h4if9v2 MuiListItemText-dense\\"><span class=\\"MuiTypography-root MuiListItemText-primary MuiTypography-body2\\">about 2 years ago</span></div></li></ul>"`;
