// Jest Snapshot v1, https://goo.gl/fbAQLP

exports[`<Engines /> component should render the component in default state 1`] = `"<div class=\\"MuiGrid-root MuiGrid-container\\"><div class=\\"MuiGrid-root MuiGrid-item MuiGrid-grid-xs-6\\"><ul class=\\"MuiList-root MuiList-padding MuiList-subheader\\"><h6 class=\\"MuiTypography-root css-1na337r-StyledText e1exuqcw0 MuiTypography-subtitle1\\">sidebar.engines.node-js</h6><div class=\\"MuiButtonBase-root MuiListItem-root css-18b06t0-EngineListItem e1exuqcw1 MuiListItem-gutters MuiListItem-button\\" tabindex=\\"0\\" role=\\"button\\" aria-disabled=\\"false\\"><div class=\\"MuiAvatar-root MuiAvatar-circle MuiAvatar-colorDefault\\"><svg class=\\"MuiSvgIcon-root MuiAvatar-fallback\\" focusable=\\"false\\" viewBox=\\"0 0 24 24\\" aria-hidden=\\"true\\" role=\\"presentation\\"><path d=\\"M12 12c2.21 0 4-1.79 4-4s-1.79-4-4-4-4 1.79-4 4 1.79 4 4 4zm0 2c-2.67 0-8 1.34-8 4v2h16v-2c0-2.66-5.33-4-8-4z\\"></path></svg></div><div class=\\"MuiListItemText-root\\"><span class=\\"MuiTypography-root MuiListItemText-primary MuiTypography-body1\\">&gt;= 0.1.98</span></div><span class=\\"MuiTouchRipple-root\\"></span></div></ul></div><div class=\\"MuiGrid-root MuiGrid-item MuiGrid-grid-xs-6\\"><ul class=\\"MuiList-root MuiList-padding MuiList-subheader\\"><h6 class=\\"MuiTypography-root css-1na337r-StyledText e1exuqcw0 MuiTypography-subtitle1\\">sidebar.engines.npm-version</h6><div class=\\"MuiButtonBase-root MuiListItem-root css-18b06t0-EngineListItem e1exuqcw1 MuiListItem-gutters MuiListItem-button\\" tabindex=\\"0\\" role=\\"button\\" aria-disabled=\\"false\\"><div class=\\"MuiAvatar-root MuiAvatar-circle MuiAvatar-colorDefault\\"><svg class=\\"MuiSvgIcon-root MuiAvatar-fallback\\" focusable=\\"false\\" viewBox=\\"0 0 24 24\\" aria-hidden=\\"true\\" role=\\"presentation\\"><path d=\\"M12 12c2.21 0 4-1.79 4-4s-1.79-4-4-4-4 1.79-4 4 1.79 4 4 4zm0 2c-2.67 0-8 1.34-8 4v2h16v-2c0-2.66-5.33-4-8-4z\\"></path></svg></div><div class=\\"MuiListItemText-root\\"><span class=\\"MuiTypography-root MuiListItemText-primary MuiTypography-body1\\">&gt;3</span></div><span class=\\"MuiTouchRipple-root\\"></span></div></ul></div></div>"`;
