// Jest Snapshot v1, https://goo.gl/fbAQLP

exports[`<Dist /> component should render the component in default state 1`] = `"<ul class=\\"MuiList-root MuiList-padding MuiList-subheader\\"><h6 class=\\"MuiTypography-root css-1na337r-StyledText estxrtg0 MuiTypography-subtitle1\\">Latest Distribution</h6><div class=\\"MuiButtonBase-root MuiListItem-root css-1mms18p-DistListItem estxrtg1 MuiListItem-gutters MuiListItem-button\\" tabindex=\\"0\\" role=\\"button\\" aria-disabled=\\"false\\"><div class=\\"MuiChip-root css-e2le7v-DistChips estxrtg2\\"><span class=\\"MuiChip-label\\"><b>file count</b>: 7</span></div><div class=\\"MuiChip-root css-e2le7v-DistChips estxrtg2\\"><span class=\\"MuiChip-label\\"><b>size</b>: 10.00 Bytes</span></div><span class=\\"MuiTouchRipple-root\\"></span></div></ul>"`;

exports[`<Dist /> component should render the component with license as object 1`] = `"<ul class=\\"MuiList-root MuiList-padding MuiList-subheader\\"><h6 class=\\"MuiTypography-root css-1na337r-StyledText estxrtg0 MuiTypography-subtitle1\\">Latest Distribution</h6><div class=\\"MuiButtonBase-root MuiListItem-root css-1mms18p-DistListItem estxrtg1 MuiListItem-gutters MuiListItem-button\\" tabindex=\\"0\\" role=\\"button\\" aria-disabled=\\"false\\"><div class=\\"MuiChip-root css-e2le7v-DistChips estxrtg2\\"><span class=\\"MuiChip-label\\"><b>file count</b>: 7</span></div><div class=\\"MuiChip-root css-e2le7v-DistChips estxrtg2\\"><span class=\\"MuiChip-label\\"><b>size</b>: 10.00 Bytes</span></div><div class=\\"MuiChip-root css-e2le7v-DistChips estxrtg2\\"><span class=\\"MuiChip-label\\"><b>license</b>: MIT</span></div><span class=\\"MuiTouchRipple-root\\"></span></div></ul>"`;

exports[`<Dist /> component should render the component with license as string 1`] = `"<ul class=\\"MuiList-root MuiList-padding MuiList-subheader\\"><h6 class=\\"MuiTypography-root css-1na337r-StyledText estxrtg0 MuiTypography-subtitle1\\">Latest Distribution</h6><div class=\\"MuiButtonBase-root MuiListItem-root css-1mms18p-DistListItem estxrtg1 MuiListItem-gutters MuiListItem-button\\" tabindex=\\"0\\" role=\\"button\\" aria-disabled=\\"false\\"><div class=\\"MuiChip-root css-e2le7v-DistChips estxrtg2\\"><span class=\\"MuiChip-label\\"><b>file count</b>: 7</span></div><div class=\\"MuiChip-root css-e2le7v-DistChips estxrtg2\\"><span class=\\"MuiChip-label\\"><b>size</b>: 10.00 Bytes</span></div><div class=\\"MuiChip-root css-e2le7v-DistChips estxrtg2\\"><span class=\\"MuiChip-label\\"><b>license</b>: MIT</span></div><span class=\\"MuiTouchRipple-root\\"></span></div></ul>"`;
