// Jest Snapshot v1, https://goo.gl/fbAQLP

exports[`<LoginModal /> should load the component in default state 1`] = `"<div role=\\"presentation\\" class=\\"MuiDialog-root\\" id=\\"login--form-container\\" style=\\"position: fixed; z-index: 1300; right: 0px; bottom: 0px; top: 0px; left: 0px;\\"><div class=\\"MuiBackdrop-root\\" aria-hidden=\\"true\\" style=\\"opacity: 1; webkit-transition: opacity 225ms cubic-bezier(0.4, 0, 0.2, 1) 0ms; transition: opacity 225ms cubic-bezier(0.4, 0, 0.2, 1) 0ms;\\"></div><div tabindex=\\"0\\" data-test=\\"sentinelStart\\"></div><div class=\\"MuiDialog-container MuiDialog-scrollPaper\\" style=\\"opacity: 1; webkit-transition: opacity 225ms cubic-bezier(0.4, 0, 0.2, 1) 0ms; transition: opacity 225ms cubic-bezier(0.4, 0, 0.2, 1) 0ms;\\" role=\\"none presentation\\" tabindex=\\"-1\\"><div class=\\"MuiPaper-root MuiPaper-elevation24 MuiDialog-paper MuiDialog-paperScrollPaper MuiDialog-paperWidthXs MuiDialog-paperFullWidth MuiPaper-rounded\\" role=\\"dialog\\"><form novalidate=\\"\\"><div class=\\"MuiDialogTitle-root\\"><h2 class=\\"MuiTypography-root MuiTypography-h6\\">Login</h2></div><div class=\\"MuiDialogContent-root\\"><div class=\\"MuiFormControl-root MuiFormControl-fullWidth\\"><label class=\\"MuiFormLabel-root MuiInputLabel-root MuiInputLabel-formControl MuiInputLabel-animated Mui-required Mui-required\\" data-shrink=\\"false\\" for=\\"username\\">Username<span class=\\"MuiFormLabel-asterisk MuiInputLabel-asterisk\\"> *</span></label><div class=\\"MuiInputBase-root MuiInput-root MuiInput-underline MuiInputBase-formControl MuiInput-formControl\\"><input aria-invalid=\\"false\\" class=\\"MuiInputBase-input MuiInput-input\\" id=\\"login--form-username\\" placeholder=\\"Your username\\" required=\\"\\" type=\\"text\\" value=\\"\\"></div></div><div class=\\"MuiFormControl-root css-164r41r MuiFormControl-fullWidth\\"><label class=\\"MuiFormLabel-root MuiInputLabel-root MuiInputLabel-formControl MuiInputLabel-animated Mui-required Mui-required\\" data-shrink=\\"false\\" for=\\"password\\">Password<span class=\\"MuiFormLabel-asterisk MuiInputLabel-asterisk\\"> *</span></label><div class=\\"MuiInputBase-root MuiInput-root MuiInput-underline MuiInputBase-formControl MuiInput-formControl\\"><input aria-invalid=\\"false\\" class=\\"MuiInputBase-input MuiInput-input\\" id=\\"login--form-password\\" placeholder=\\"Your strong password\\" required=\\"\\" type=\\"password\\" value=\\"\\"></div></div></div><div class=\\"MuiDialogActions-root dialog-footer MuiDialogActions-spacing\\"><button class=\\"MuiButtonBase-root MuiButton-root MuiButton-text MuiButton-colorInherit\\" tabindex=\\"0\\" type=\\"button\\" id=\\"login--form-cancel\\"><span class=\\"MuiButton-label\\">Cancel</span><span class=\\"MuiTouchRipple-root\\"></span></button><button class=\\"MuiButtonBase-root MuiButton-root MuiButton-text MuiButton-colorInherit Mui-disabled Mui-disabled\\" tabindex=\\"-1\\" type=\\"submit\\" disabled=\\"\\" id=\\"login--form-submit\\"><span class=\\"MuiButton-label\\">Login</span></button></div></form></div></div><div tabindex=\\"0\\" data-test=\\"sentinelEnd\\"></div></div>"`;

exports[`<LoginModal /> should load the component with props 1`] = `"<div role=\\"presentation\\" class=\\"MuiDialog-root\\" id=\\"login--form-container\\" style=\\"position: fixed; z-index: 1300; right: 0px; bottom: 0px; top: 0px; left: 0px;\\"><div class=\\"MuiBackdrop-root\\" aria-hidden=\\"true\\" style=\\"opacity: 1; webkit-transition: opacity 225ms cubic-bezier(0.4, 0, 0.2, 1) 0ms; transition: opacity 225ms cubic-bezier(0.4, 0, 0.2, 1) 0ms;\\"></div><div tabindex=\\"0\\" data-test=\\"sentinelStart\\"></div><div class=\\"MuiDialog-container MuiDialog-scrollPaper\\" style=\\"opacity: 1; webkit-transition: opacity 225ms cubic-bezier(0.4, 0, 0.2, 1) 0ms; transition: opacity 225ms cubic-bezier(0.4, 0, 0.2, 1) 0ms;\\" role=\\"none presentation\\" tabindex=\\"-1\\"><div class=\\"MuiPaper-root MuiPaper-elevation24 MuiDialog-paper MuiDialog-paperScrollPaper MuiDialog-paperWidthXs MuiDialog-paperFullWidth MuiPaper-rounded\\" role=\\"dialog\\"><form novalidate=\\"\\"><div class=\\"MuiDialogTitle-root\\"><h2 class=\\"MuiTypography-root MuiTypography-h6\\">Login</h2></div><div class=\\"MuiDialogContent-root\\"><div class=\\"MuiTypography-root MuiPaper-root MuiPaper-elevation6 MuiSnackbarContent-root css-11e09xf MuiTypography-body2\\" role=\\"alertdialog\\"><div class=\\"MuiSnackbarContent-message\\"><div class=\\"css-70qvj9\\" id=\\"client-snackbar\\"><svg class=\\"MuiSvgIcon-root css-1mbwbu9\\" focusable=\\"false\\" viewBox=\\"0 0 24 24\\" aria-hidden=\\"true\\" role=\\"presentation\\"><path d=\\"M12 2C6.48 2 2 6.48 2 12s4.48 10 10 10 10-4.48 10-10S17.52 2 12 2zm1 15h-2v-2h2v2zm0-4h-2V7h2v6z\\"></path></svg><span><div><strong>Error Title</strong></div><div>Error Description</div></span></div></div></div><div class=\\"MuiFormControl-root MuiFormControl-fullWidth\\"><label class=\\"MuiFormLabel-root MuiInputLabel-root MuiInputLabel-formControl MuiInputLabel-animated Mui-required Mui-required\\" data-shrink=\\"false\\" for=\\"username\\">Username<span class=\\"MuiFormLabel-asterisk MuiInputLabel-asterisk\\"> *</span></label><div class=\\"MuiInputBase-root MuiInput-root MuiInput-underline MuiInputBase-formControl MuiInput-formControl\\"><input aria-invalid=\\"false\\" class=\\"MuiInputBase-input MuiInput-input\\" id=\\"login--form-username\\" placeholder=\\"Your username\\" required=\\"\\" type=\\"text\\" value=\\"\\"></div></div><div class=\\"MuiFormControl-root css-164r41r MuiFormControl-fullWidth\\"><label class=\\"MuiFormLabel-root MuiInputLabel-root MuiInputLabel-formControl MuiInputLabel-animated Mui-required Mui-required\\" data-shrink=\\"false\\" for=\\"password\\">Password<span class=\\"MuiFormLabel-asterisk MuiInputLabel-asterisk\\"> *</span></label><div class=\\"MuiInputBase-root MuiInput-root MuiInput-underline MuiInputBase-formControl MuiInput-formControl\\"><input aria-invalid=\\"false\\" class=\\"MuiInputBase-input MuiInput-input\\" id=\\"login--form-password\\" placeholder=\\"Your strong password\\" required=\\"\\" type=\\"password\\" value=\\"\\"></div></div></div><div class=\\"MuiDialogActions-root dialog-footer MuiDialogActions-spacing\\"><button class=\\"MuiButtonBase-root MuiButton-root MuiButton-text MuiButton-colorInherit\\" tabindex=\\"0\\" type=\\"button\\" id=\\"login--form-cancel\\"><span class=\\"MuiButton-label\\">Cancel</span><span class=\\"MuiTouchRipple-root\\"></span></button><button class=\\"MuiButtonBase-root MuiButton-root MuiButton-text MuiButton-colorInherit Mui-disabled Mui-disabled\\" tabindex=\\"-1\\" type=\\"submit\\" disabled=\\"\\" id=\\"login--form-submit\\"><span class=\\"MuiButton-label\\">Login</span></button></div></form></div></div><div tabindex=\\"0\\" data-test=\\"sentinelEnd\\"></div></div>"`;
